Archive member included to satisfy reference by file (symbol)

/usr/lib/gcc/arm-none-eabi/9.2.1/../../../arm-none-eabi/lib/thumb/v6-m/nofp/libc_nano.a(lib_a-atexit.o)
                              /usr/lib/gcc/arm-none-eabi/9.2.1/../../../arm-none-eabi/lib/thumb/v6-m/nofp/crt0.o (atexit)
/usr/lib/gcc/arm-none-eabi/9.2.1/../../../arm-none-eabi/lib/thumb/v6-m/nofp/libc_nano.a(lib_a-exit.o)
                              /usr/lib/gcc/arm-none-eabi/9.2.1/../../../arm-none-eabi/lib/thumb/v6-m/nofp/crt0.o (exit)
/usr/lib/gcc/arm-none-eabi/9.2.1/../../../arm-none-eabi/lib/thumb/v6-m/nofp/libc_nano.a(lib_a-fini.o)
                              /usr/lib/gcc/arm-none-eabi/9.2.1/../../../arm-none-eabi/lib/thumb/v6-m/nofp/crt0.o (__libc_fini_array)
/usr/lib/gcc/arm-none-eabi/9.2.1/../../../arm-none-eabi/lib/thumb/v6-m/nofp/libc_nano.a(lib_a-impure.o)
                              /usr/lib/gcc/arm-none-eabi/9.2.1/../../../arm-none-eabi/lib/thumb/v6-m/nofp/libc_nano.a(lib_a-exit.o) (_global_impure_ptr)
/usr/lib/gcc/arm-none-eabi/9.2.1/../../../arm-none-eabi/lib/thumb/v6-m/nofp/libc_nano.a(lib_a-init.o)
                              /usr/lib/gcc/arm-none-eabi/9.2.1/../../../arm-none-eabi/lib/thumb/v6-m/nofp/crt0.o (__libc_init_array)
/usr/lib/gcc/arm-none-eabi/9.2.1/../../../arm-none-eabi/lib/thumb/v6-m/nofp/libc_nano.a(lib_a-memset.o)
                              /usr/lib/gcc/arm-none-eabi/9.2.1/../../../arm-none-eabi/lib/thumb/v6-m/nofp/crt0.o (memset)
/usr/lib/gcc/arm-none-eabi/9.2.1/../../../arm-none-eabi/lib/thumb/v6-m/nofp/libc_nano.a(lib_a-sprintf.o)
                              build/main.o (sprintf)
/usr/lib/gcc/arm-none-eabi/9.2.1/../../../arm-none-eabi/lib/thumb/v6-m/nofp/libc_nano.a(lib_a-__atexit.o)
                              /usr/lib/gcc/arm-none-eabi/9.2.1/../../../arm-none-eabi/lib/thumb/v6-m/nofp/libc_nano.a(lib_a-atexit.o) (__register_exitproc)
/usr/lib/gcc/arm-none-eabi/9.2.1/../../../arm-none-eabi/lib/thumb/v6-m/nofp/libc_nano.a(lib_a-__call_atexit.o)
                              /usr/lib/gcc/arm-none-eabi/9.2.1/../../../arm-none-eabi/lib/thumb/v6-m/nofp/libc_nano.a(lib_a-__atexit.o) (__call_exitprocs)
/usr/lib/gcc/arm-none-eabi/9.2.1/../../../arm-none-eabi/lib/thumb/v6-m/nofp/libc_nano.a(lib_a-nano-svfprintf.o)
                              /usr/lib/gcc/arm-none-eabi/9.2.1/../../../arm-none-eabi/lib/thumb/v6-m/nofp/libc_nano.a(lib_a-sprintf.o) (_svfprintf_r)
/usr/lib/gcc/arm-none-eabi/9.2.1/../../../arm-none-eabi/lib/thumb/v6-m/nofp/libc_nano.a(lib_a-nano-vfprintf_i.o)
                              /usr/lib/gcc/arm-none-eabi/9.2.1/../../../arm-none-eabi/lib/thumb/v6-m/nofp/libc_nano.a(lib_a-nano-svfprintf.o) (_printf_i)
/usr/lib/gcc/arm-none-eabi/9.2.1/../../../arm-none-eabi/lib/thumb/v6-m/nofp/libc_nano.a(lib_a-memchr-stub.o)
                              /usr/lib/gcc/arm-none-eabi/9.2.1/../../../arm-none-eabi/lib/thumb/v6-m/nofp/libc_nano.a(lib_a-nano-svfprintf.o) (memchr)
/usr/lib/gcc/arm-none-eabi/9.2.1/../../../arm-none-eabi/lib/thumb/v6-m/nofp/libc_nano.a(lib_a-memcpy-stub.o)
                              /usr/lib/gcc/arm-none-eabi/9.2.1/../../../arm-none-eabi/lib/thumb/v6-m/nofp/libc_nano.a(lib_a-nano-svfprintf.o) (memcpy)
/usr/lib/gcc/arm-none-eabi/9.2.1/../../../arm-none-eabi/lib/thumb/v6-m/nofp/libc_nano.a(lib_a-memmove.o)
                              /usr/lib/gcc/arm-none-eabi/9.2.1/../../../arm-none-eabi/lib/thumb/v6-m/nofp/libc_nano.a(lib_a-nano-svfprintf.o) (memmove)
/usr/lib/gcc/arm-none-eabi/9.2.1/../../../arm-none-eabi/lib/thumb/v6-m/nofp/libc_nano.a(lib_a-nano-freer.o)
                              /usr/lib/gcc/arm-none-eabi/9.2.1/../../../arm-none-eabi/lib/thumb/v6-m/nofp/libc_nano.a(lib_a-nano-svfprintf.o) (_free_r)
/usr/lib/gcc/arm-none-eabi/9.2.1/../../../arm-none-eabi/lib/thumb/v6-m/nofp/libc_nano.a(lib_a-nano-mallocr.o)
                              /usr/lib/gcc/arm-none-eabi/9.2.1/../../../arm-none-eabi/lib/thumb/v6-m/nofp/libc_nano.a(lib_a-nano-svfprintf.o) (_malloc_r)
/usr/lib/gcc/arm-none-eabi/9.2.1/../../../arm-none-eabi/lib/thumb/v6-m/nofp/libc_nano.a(lib_a-nano-reallocr.o)
                              /usr/lib/gcc/arm-none-eabi/9.2.1/../../../arm-none-eabi/lib/thumb/v6-m/nofp/libc_nano.a(lib_a-nano-svfprintf.o) (_realloc_r)
/usr/lib/gcc/arm-none-eabi/9.2.1/../../../arm-none-eabi/lib/thumb/v6-m/nofp/libc_nano.a(lib_a-sbrkr.o)
                              /usr/lib/gcc/arm-none-eabi/9.2.1/../../../arm-none-eabi/lib/thumb/v6-m/nofp/libc_nano.a(lib_a-nano-mallocr.o) (_sbrk_r)
/usr/lib/gcc/arm-none-eabi/9.2.1/../../../arm-none-eabi/lib/thumb/v6-m/nofp/libc_nano.a(lib_a-mlock.o)
                              /usr/lib/gcc/arm-none-eabi/9.2.1/../../../arm-none-eabi/lib/thumb/v6-m/nofp/libc_nano.a(lib_a-nano-freer.o) (__malloc_lock)
/usr/lib/gcc/arm-none-eabi/9.2.1/../../../arm-none-eabi/lib/thumb/v6-m/nofp/libc_nano.a(lib_a-nano-msizer.o)
[...]
Memory Configuration

Name             Origin             Length             Attributes
RAM              0x0000000020000000 0x0000000000004000 xrw
FLASH            0x0000000008000000 0x0000000000020000 xr
*default*        0x0000000000000000 0xffffffffffffffff

Linker script and memory map

LOAD /usr/lib/gcc/arm-none-eabi/9.2.1/thumb/v6-m/nofp/crti.o
LOAD /usr/lib/gcc/arm-none-eabi/9.2.1/thumb/v6-m/nofp/crtbegin.o
LOAD /usr/lib/gcc/arm-none-eabi/9.2.1/../../../arm-none-eabi/lib/thumb/v6-m/nofp/crt0.o
LOAD build/main.o
LOAD build/stm32f0xx_it.o
LOAD build/stm32f0xx_hal_msp.o
LOAD build/usb_device.o
LOAD build/usbd_desc.o
LOAD build/usbd_cdc_if.o
LOAD build/usbd_conf.o
LOAD build/stm32f0xx_ll_usb.o
LOAD build/stm32f0xx_hal_pcd.o
LOAD build/stm32f0xx_hal_pcd_ex.o
LOAD build/stm32f0xx_hal_rcc.o
LOAD build/stm32f0xx_hal_rcc_ex.o
LOAD build/stm32f0xx_hal.o
LOAD build/stm32f0xx_hal_i2c.o
LOAD build/stm32f0xx_hal_i2c_ex.o
LOAD build/stm32f0xx_hal_gpio.o
LOAD build/stm32f0xx_hal_dma.o
LOAD build/stm32f0xx_hal_cortex.o
LOAD build/stm32f0xx_hal_pwr.o
LOAD build/stm32f0xx_hal_pwr_ex.o
LOAD build/stm32f0xx_hal_flash.o
LOAD build/stm32f0xx_hal_flash_ex.o
LOAD build/stm32f0xx_hal_exti.o
LOAD build/stm32f0xx_hal_adc.o
LOAD build/stm32f0xx_hal_adc_ex.o
LOAD build/stm32f0xx_hal_tim.o
LOAD build/stm32f0xx_hal_tim_ex.o
LOAD build/stm32f0xx_hal_uart.o
LOAD build/stm32f0xx_hal_uart_ex.o
LOAD build/system_stm32f0xx.o
LOAD build/usbd_core.o
LOAD build/usbd_ctlreq.o
LOAD build/usbd_ioreq.o
LOAD build/usbd_cdc.o
LOAD build/startup_stm32f070xb.o
LOAD /usr/lib/gcc/arm-none-eabi/9.2.1/../../../arm-none-eabi/lib/thumb/v6-m/nofp/libc_nano.a
LOAD /usr/lib/gcc/arm-none-eabi/9.2.1/../../../arm-none-eabi/lib/thumb/v6-m/nofp/libm.a
LOAD /usr/lib/gcc/arm-none-eabi/9.2.1/../../../arm-none-eabi/lib/thumb/v6-m/nofp/libnosys.a
START GROUP
LOAD /usr/lib/gcc/arm-none-eabi/9.2.1/thumb/v6-m/nofp/libgcc.a
LOAD /usr/lib/gcc/arm-none-eabi/9.2.1/../../../arm-none-eabi/lib/thumb/v6-m/nofp/libc_nano.a
END GROUP
START GROUP
LOAD /usr/lib/gcc/arm-none-eabi/9.2.1/thumb/v6-m/nofp/libgcc.a
LOAD /usr/lib/gcc/arm-none-eabi/9.2.1/../../../arm-none-eabi/lib/thumb/v6-m/nofp/libc_nano.a
END GROUP
LOAD /usr/lib/gcc/arm-none-eabi/9.2.1/thumb/v6-m/nofp/crtend.o
LOAD /usr/lib/gcc/arm-none-eabi/9.2.1/thumb/v6-m/nofp/crtn.o
                0x0000000020004000                _estack = 0x20004000
                0x0000000000000200                _Min_Heap_Size = 0x200
                0x0000000000000400                _Min_Stack_Size = 0x400

.isr_vector     0x0000000008000000       0xc0
                0x0000000008000000                . = ALIGN (0x4)
 *(.isr_vector)
 .isr_vector    0x0000000008000000       0xc0 build/startup_stm32f070xb.o
                0x0000000008000000                g_pfnVectors
                0x00000000080000c0                . = ALIGN (0x4)

.text           0x00000000080000c0     0x655c
                0x00000000080000c0                . = ALIGN (0x4)
 *(.text)
 .text          0x00000000080000c0       0x98 /usr/lib/gcc/arm-none-eabi/9.2.1/thumb/v6-m/nofp/crtbegin.o
 .text          0x0000000008000158       0x44 /usr/lib/gcc/arm-none-eabi/9.2.1/../../../arm-none-eabi/lib/thumb/v6-m/nofp/libc_nano.a(lib_a-init.o)
                0x0000000008000158                __libc_init_array
 .text          0x000000000800019c       0xa8 /usr/lib/gcc/arm-none-eabi/9.2.1/../../../arm-none-eabi/lib/thumb/v6-m/nofp/libc_nano.a(lib_a-memset.o)
                0x000000000800019c                memset
 .text          0x0000000008000244       0x78 /usr/lib/gcc/arm-none-eabi/9.2.1/../../../arm-none-eabi/lib/thumb/v6-m/nofp/libc_nano.a(lib_a-sprintf.o)
                0x0000000008000244                _siprintf_r
                0x0000000008000244                _sprintf_r
                0x000000000800027c                sprintf
                0x000000000800027c                siprintf
 .text          0x00000000080002bc      0x480 /usr/lib/gcc/arm-none-eabi/9.2.1/../../../arm-none-eabi/lib/thumb/v6-m/nofp/libc_nano.a(lib_a-nano-svfprintf.o)
                0x00000000080002bc                __ssputs_r
                0x000000000800038c                __ssprint_r
                0x00000000080004a0                _svfprintf_r
                0x00000000080004a0                _svfiprintf_r
 .text          0x000000000800073c      0x3d8 /usr/lib/gcc/arm-none-eabi/9.2.1/../../../arm-none-eabi/lib/thumb/v6-m/nofp/libc_nano.a(lib_a-nano-vfprintf_i.o)
                0x000000000800073c                _printf_common
                0x000000000800086c                _printf_i
 .text          0x0000000008000b14       0x80 /usr/lib/gcc/arm-none-eabi/9.2.1/../../../arm-none-eabi/lib/thumb/v6-m/nofp/libc_nano.a(lib_a-memchr-stub.o)
                0x0000000008000b14                memchr
 .text          0x0000000008000b94       0xa8 /usr/lib/gcc/arm-none-eabi/9.2.1/../../../arm-none-eabi/lib/thumb/v6-m/nofp/libc_nano.a(lib_a-memcpy-stub.o)
                0x0000000008000b94                memcpy
 .text          0x0000000008000c3c       0xbc /usr/lib/gcc/arm-none-eabi/9.2.1/../../../arm-none-eabi/lib/thumb/v6-m/nofp/libc_nano.a(lib_a-memmove.o)
                0x0000000008000c3c                memmove
 .text          0x0000000008000cf8       0xac /usr/lib/gcc/arm-none-eabi/9.2.1/../../../arm-none-eabi/lib/thumb/v6-m/nofp/libc_nano.a(lib_a-nano-freer.o)
                0x0000000008000cf8                _free_r
 .text          0x0000000008000da4       0xcc /usr/lib/gcc/arm-none-eabi/9.2.1/../../../arm-none-eabi/lib/thumb/v6-m/nofp/libc_nano.a(lib_a-nano-mallocr.o)
                0x0000000008000da4                _malloc_r
 .text          0x0000000008000e70       0x50 /usr/lib/gcc/arm-none-eabi/9.2.1/../../../arm-none-eabi/lib/thumb/v6-m/nofp/libc_nano.a(lib_a-nano-reallocr.o)
                0x0000000008000e70                _realloc_r
 .text          0x0000000008000ec0       0x24 /usr/lib/gcc/arm-none-eabi/9.2.1/../../../arm-none-eabi/lib/thumb/v6-m/nofp/libc_nano.a(lib_a-sbrkr.o)
                0x0000000008000ec0                _sbrk_r
 .text          0x0000000008000ee4        0x8 /usr/lib/gcc/arm-none-eabi/9.2.1/../../../arm-none-eabi/lib/thumb/v6-m/nofp/libc_nano.a(lib_a-mlock.o)
                0x0000000008000ee4                __malloc_lock
                0x0000000008000ee8                __malloc_unlock
 .text          0x0000000008000eec       0x14 /usr/lib/gcc/arm-none-eabi/9.2.1/../../../arm-none-eabi/lib/thumb/v6-m/nofp/libc_nano.a(lib_a-nano-msizer.o)
                0x0000000008000eec                _malloc_usable_size_r
 .text          0x0000000008000f00       0x1c /usr/lib/gcc/arm-none-eabi/9.2.1/../../../arm-none-eabi/lib/thumb/v6-m/nofp/libnosys.a(sbrk.o)
                0x0000000008000f00                _sbrk
 .text          0x0000000008000f1c      0x114 /usr/lib/gcc/arm-none-eabi/9.2.1/thumb/v6-m/nofp/libgcc.a(_udivsi3.o)
                0x0000000008000f1c                __udivsi3
                0x0000000008000f1c                __aeabi_uidiv
                0x0000000008001028                __aeabi_uidivmod
 .text          0x0000000008001030        0x4 /usr/lib/gcc/arm-none-eabi/9.2.1/thumb/v6-m/nofp/libgcc.a(_dvmd_tls.o)
                0x0000000008001030                __aeabi_ldiv0
                0x0000000008001030                __aeabi_idiv0
 *(.text*)
 .text.MX_GPIO_Init
                0x0000000008001034       0xbc build/main.o
 .text.MX_NVIC_Init
                0x00000000080010f0       0x24 build/main.o
 .text.HAL_GPIO_EXTI_Callback
                0x0000000008001114       0x38 build/main.o
                0x0000000008001114                HAL_GPIO_EXTI_Callback
 .text.Error_Handler
                0x000000000800114c        0x4 build/main.o
                0x000000000800114c                Error_Handler
 .text.MX_ADC_Init
                0x0000000008001150       0x74 build/main.o
 .text.MX_TIM1_Init
                0x00000000080011c4       0x78 build/main.o
 .text.MX_TIM3_Init
                0x000000000800123c       0xe4 build/main.o
 .text.MX_USART1_UART_Init
                0x0000000008001320       0x38 build/main.o
 .text.SystemClock_Config
                0x0000000008001358       0x94 build/main.o
                0x0000000008001358                SystemClock_Config
 .text.main     0x00000000080013ec      0x1b0 build/main.o
                0x00000000080013ec                main
 .text.NMI_Handler
                0x000000000800159c        0x2 build/stm32f0xx_it.o
                0x000000000800159c                NMI_Handler
 .text.HardFault_Handler
                0x000000000800159e        0x2 build/stm32f0xx_it.o
                0x000000000800159e                HardFault_Handler
 .text.SVC_Handler
                0x00000000080015a0        0x2 build/stm32f0xx_it.o
                0x00000000080015a0                SVC_Handler
 .text.PendSV_Handler
                0x00000000080015a2        0x2 build/stm32f0xx_it.o
                0x00000000080015a2                PendSV_Handler
 .text.SysTick_Handler
                0x00000000080015a4        0x8 build/stm32f0xx_it.o
                0x00000000080015a4                SysTick_Handler
 .text.EXTI0_1_IRQHandler
                0x00000000080015ac       0x10 build/stm32f0xx_it.o
                0x00000000080015ac                EXTI0_1_IRQHandler
 .text.EXTI2_3_IRQHandler
                0x00000000080015bc        0xa build/stm32f0xx_it.o
                0x00000000080015bc                EXTI2_3_IRQHandler
 *fill*         0x00000000080015c6        0x2 
 .text.USART1_IRQHandler
                0x00000000080015c8       0x10 build/stm32f0xx_it.o
                0x00000000080015c8                USART1_IRQHandler
 .text.USB_IRQHandler
                0x00000000080015d8       0x10 build/stm32f0xx_it.o
                0x00000000080015d8                USB_IRQHandler
 .text.HAL_MspInit
                0x00000000080015e8       0x30 build/stm32f0xx_hal_msp.o
                0x00000000080015e8                HAL_MspInit
 .text.HAL_ADC_MspInit
                0x0000000008001618       0x64 build/stm32f0xx_hal_msp.o
                0x0000000008001618                HAL_ADC_MspInit
 .text.HAL_TIM_Base_MspInit
                0x000000000800167c       0x4c build/stm32f0xx_hal_msp.o
                0x000000000800167c                HAL_TIM_Base_MspInit
 .text.HAL_TIM_MspPostInit
                0x00000000080016c8       0x58 build/stm32f0xx_hal_msp.o
                0x00000000080016c8                HAL_TIM_MspPostInit
 .text.HAL_UART_MspInit
                0x0000000008001720       0x7c build/stm32f0xx_hal_msp.o
                0x0000000008001720                HAL_UART_MspInit
 .text.MX_USB_DEVICE_Init
                0x000000000800179c       0x5c build/usb_device.o
                0x000000000800179c                MX_USB_DEVICE_Init
 .text.USBD_FS_DeviceDescriptor
                0x00000000080017f8        0xc build/usbd_desc.o
                0x00000000080017f8                USBD_FS_DeviceDescriptor
 .text.USBD_FS_LangIDStrDescriptor
                0x0000000008001804        0xc build/usbd_desc.o
                0x0000000008001804                USBD_FS_LangIDStrDescriptor
 .text.IntToUnicode
                0x0000000008001810       0x30 build/usbd_desc.o
 .text.Get_SerialNum
                0x0000000008001840       0x40 build/usbd_desc.o
 .text.USBD_FS_SerialStrDescriptor
                0x0000000008001880       0x14 build/usbd_desc.o
                0x0000000008001880                USBD_FS_SerialStrDescriptor
 .text.USBD_FS_ProductStrDescriptor
                0x0000000008001894       0x28 build/usbd_desc.o
                0x0000000008001894                USBD_FS_ProductStrDescriptor
 .text.USBD_FS_ManufacturerStrDescriptor
                0x00000000080018bc       0x1c build/usbd_desc.o
                0x00000000080018bc                USBD_FS_ManufacturerStrDescriptor
 .text.USBD_FS_ConfigStrDescriptor
                0x00000000080018d8       0x28 build/usbd_desc.o
                0x00000000080018d8                USBD_FS_ConfigStrDescriptor
 .text.USBD_FS_InterfaceStrDescriptor
                0x0000000008001900       0x28 build/usbd_desc.o
                0x0000000008001900                USBD_FS_InterfaceStrDescriptor
 .text.CDC_DeInit_FS
                0x0000000008001928        0x4 build/usbd_cdc_if.o
 .text.CDC_Control_FS
                0x000000000800192c        0x4 build/usbd_cdc_if.o
 .text.CDC_Receive_FS
                0x0000000008001930       0x7c build/usbd_cdc_if.o
 .text.CDC_Init_FS
                0x00000000080019ac       0x28 build/usbd_cdc_if.o
 .text.CDC_Transmit_FS
                0x00000000080019d4       0x30 build/usbd_cdc_if.o
                0x00000000080019d4                CDC_Transmit_FS
 .text.VCP_read
                0x0000000008001a04       0x4c build/usbd_cdc_if.o
                0x0000000008001a04                VCP_read
 .text.USBD_Get_USB_Status
                0x0000000008001a50       0x16 build/usbd_conf.o
 .text.SystemClockConfig_Resume
                0x0000000008001a66        0x8 build/usbd_conf.o
 *fill*         0x0000000008001a6e        0x2 
 .text.HAL_PCD_MspInit
                0x0000000008001a70       0x40 build/usbd_conf.o
                0x0000000008001a70                HAL_PCD_MspInit
 .text.HAL_PCD_SetupStageCallback
                0x0000000008001ab0       0x16 build/usbd_conf.o
                0x0000000008001ab0                HAL_PCD_SetupStageCallback
 .text.HAL_PCD_DataOutStageCallback
                0x0000000008001ac6       0x1e build/usbd_conf.o
                0x0000000008001ac6                HAL_PCD_DataOutStageCallback
 .text.HAL_PCD_DataInStageCallback
                0x0000000008001ae4       0x1a build/usbd_conf.o
                0x0000000008001ae4                HAL_PCD_DataInStageCallback
 .text.HAL_PCD_SOFCallback
                0x0000000008001afe        0xe build/usbd_conf.o
                0x0000000008001afe                HAL_PCD_SOFCallback
 .text.HAL_PCD_ResetCallback
                0x0000000008001b0c       0x24 build/usbd_conf.o
                0x0000000008001b0c                HAL_PCD_ResetCallback
 .text.HAL_PCD_SuspendCallback
                0x0000000008001b30       0x24 build/usbd_conf.o
                0x0000000008001b30                HAL_PCD_SuspendCallback
 .text.HAL_PCD_ResumeCallback
                0x0000000008001b54       0x2c build/usbd_conf.o
                0x0000000008001b54                HAL_PCD_ResumeCallback
 .text.USBD_LL_Init
                0x0000000008001b80       0x84 build/usbd_conf.o
                0x0000000008001b80                USBD_LL_Init
 .text.USBD_LL_Start
                0x0000000008001c04       0x12 build/usbd_conf.o
                0x0000000008001c04                USBD_LL_Start
 .text.USBD_LL_OpenEP
                0x0000000008001c16       0x18 build/usbd_conf.o
                0x0000000008001c16                USBD_LL_OpenEP
 .text.USBD_LL_CloseEP
                0x0000000008001c2e       0x12 build/usbd_conf.o
                0x0000000008001c2e                USBD_LL_CloseEP
 .text.USBD_LL_StallEP
                0x0000000008001c40       0x12 build/usbd_conf.o
                0x0000000008001c40                USBD_LL_StallEP
 .text.USBD_LL_ClearStallEP
                0x0000000008001c52       0x12 build/usbd_conf.o
                0x0000000008001c52                USBD_LL_ClearStallEP
 .text.USBD_LL_IsStallEP
                0x0000000008001c64       0x32 build/usbd_conf.o
                0x0000000008001c64                USBD_LL_IsStallEP
 .text.USBD_LL_SetUSBAddress
                0x0000000008001c96       0x12 build/usbd_conf.o
                0x0000000008001c96                USBD_LL_SetUSBAddress
 .text.USBD_LL_Transmit
                0x0000000008001ca8       0x12 build/usbd_conf.o
                0x0000000008001ca8                USBD_LL_Transmit
 .text.USBD_LL_PrepareReceive
                0x0000000008001cba       0x12 build/usbd_conf.o
                0x0000000008001cba                USBD_LL_PrepareReceive
 .text.USBD_LL_GetRxDataSize
                0x0000000008001ccc        0xe build/usbd_conf.o
                0x0000000008001ccc                USBD_LL_GetRxDataSize
 *fill*         0x0000000008001cda        0x2 
 .text.USBD_static_malloc
                0x0000000008001cdc        0x8 build/usbd_conf.o
                0x0000000008001cdc                USBD_static_malloc
 .text.USBD_static_free
                0x0000000008001ce4        0x2 build/usbd_conf.o
                0x0000000008001ce4                USBD_static_free
 *fill*         0x0000000008001ce6        0x2 
 .text.USB_EnableGlobalInt
                0x0000000008001ce8       0x14 build/stm32f0xx_ll_usb.o
                0x0000000008001ce8                USB_EnableGlobalInt
 .text.USB_DisableGlobalInt
                0x0000000008001cfc       0x14 build/stm32f0xx_ll_usb.o
                0x0000000008001cfc                USB_DisableGlobalInt
 .text.USB_DevInit
                0x0000000008001d10       0x20 build/stm32f0xx_ll_usb.o
                0x0000000008001d10                USB_DevInit
 .text.USB_ActivateEndpoint
                0x0000000008001d30      0x2e8 build/stm32f0xx_ll_usb.o
                0x0000000008001d30                USB_ActivateEndpoint
 .text.USB_DeactivateEndpoint
                0x0000000008002018      0x170 build/stm32f0xx_ll_usb.o
                0x0000000008002018                USB_DeactivateEndpoint
 .text.USB_EPSetStall
                0x0000000008002188       0x4c build/stm32f0xx_ll_usb.o
                0x0000000008002188                USB_EPSetStall
 .text.USB_EPClearStall
                0x00000000080021d4       0x9c build/stm32f0xx_ll_usb.o
                0x00000000080021d4                USB_EPClearStall
 .text.USB_SetDevAddress
                0x0000000008002270        0xe build/stm32f0xx_ll_usb.o
                0x0000000008002270                USB_SetDevAddress
 *fill*         0x000000000800227e        0x2 
 .text.USB_DevConnect
                0x0000000008002280       0x14 build/stm32f0xx_ll_usb.o
                0x0000000008002280                USB_DevConnect
 .text.USB_ReadInterrupts
                0x0000000008002294        0x8 build/stm32f0xx_ll_usb.o
                0x0000000008002294                USB_ReadInterrupts
 .text.USB_WritePMA
                0x000000000800229c       0x28 build/stm32f0xx_ll_usb.o
                0x000000000800229c                USB_WritePMA
 .text.USB_EPStartXfer
                0x00000000080022c4      0x710 build/stm32f0xx_ll_usb.o
                0x00000000080022c4                USB_EPStartXfer
 .text.USB_ReadPMA
                0x00000000080029d4       0x2c build/stm32f0xx_ll_usb.o
                0x00000000080029d4                USB_ReadPMA
 .text.HAL_PCD_EP_DB_Receive
                0x0000000008002a00      0x118 build/stm32f0xx_hal_pcd.o
 .text.HAL_PCD_Init
                0x0000000008002b18       0xe4 build/stm32f0xx_hal_pcd.o
                0x0000000008002b18                HAL_PCD_Init
 .text.HAL_PCD_Start
                0x0000000008002bfc       0x2e build/stm32f0xx_hal_pcd.o
                0x0000000008002bfc                HAL_PCD_Start
 *fill*         0x0000000008002c2a        0x2 
 .text.HAL_PCD_EP_DB_Transmit
                0x0000000008002c2c      0x2ac build/stm32f0xx_hal_pcd.o
 .text.PCD_EP_ISR_Handler
                0x0000000008002ed8      0x45c build/stm32f0xx_hal_pcd.o
 .text.HAL_PCD_SetAddress
                0x0000000008003334       0x2c build/stm32f0xx_hal_pcd.o
                0x0000000008003334                HAL_PCD_SetAddress
 .text.HAL_PCD_IRQHandler
                0x0000000008003360      0x1a8 build/stm32f0xx_hal_pcd.o
                0x0000000008003360                HAL_PCD_IRQHandler
 .text.HAL_PCD_EP_Open
                0x0000000008003508       0x7e build/stm32f0xx_hal_pcd.o
                0x0000000008003508                HAL_PCD_EP_Open
 .text.HAL_PCD_EP_Close
                0x0000000008003586       0x68 build/stm32f0xx_hal_pcd.o
                0x0000000008003586                HAL_PCD_EP_Close
 .text.HAL_PCD_EP_Receive
                0x00000000080035ee       0x56 build/stm32f0xx_hal_pcd.o
                0x00000000080035ee                HAL_PCD_EP_Receive
 .text.HAL_PCD_EP_GetRxCount
                0x0000000008003644       0x14 build/stm32f0xx_hal_pcd.o
                0x0000000008003644                HAL_PCD_EP_GetRxCount
 .text.HAL_PCD_EP_Transmit
                0x0000000008003658       0x5c build/stm32f0xx_hal_pcd.o
                0x0000000008003658                HAL_PCD_EP_Transmit
 .text.HAL_PCD_EP_SetStall
                0x00000000080036b4       0x6e build/stm32f0xx_hal_pcd.o
                0x00000000080036b4                HAL_PCD_EP_SetStall
 .text.HAL_PCD_EP_ClrStall
                0x0000000008003722       0x7a build/stm32f0xx_hal_pcd.o
                0x0000000008003722                HAL_PCD_EP_ClrStall
 .text.HAL_PCDEx_PMAConfig
                0x000000000800379c       0x3a build/stm32f0xx_hal_pcd_ex.o
                0x000000000800379c                HAL_PCDEx_PMAConfig
 .text.HAL_PCDEx_ActivateLPM
                0x00000000080037d6       0x2a build/stm32f0xx_hal_pcd_ex.o
                0x00000000080037d6                HAL_PCDEx_ActivateLPM
 .text.HAL_PCDEx_LPM_Callback
                0x0000000008003800        0x2 build/stm32f0xx_hal_pcd_ex.o
                0x0000000008003800                HAL_PCDEx_LPM_Callback
 *fill*         0x0000000008003802        0x2 
 .text.HAL_RCC_OscConfig
                0x0000000008003804      0x4b0 build/stm32f0xx_hal_rcc.o
                0x0000000008003804                HAL_RCC_OscConfig
 .text.HAL_RCC_GetSysClockFreq
                0x0000000008003cb4       0x74 build/stm32f0xx_hal_rcc.o
                0x0000000008003cb4                HAL_RCC_GetSysClockFreq
 .text.HAL_RCC_ClockConfig
                0x0000000008003d28      0x134 build/stm32f0xx_hal_rcc.o
                0x0000000008003d28                HAL_RCC_ClockConfig
 .text.HAL_RCC_GetHCLKFreq
                0x0000000008003e5c        0xc build/stm32f0xx_hal_rcc.o
                0x0000000008003e5c                HAL_RCC_GetHCLKFreq
 .text.HAL_RCC_GetPCLK1Freq
                0x0000000008003e68       0x20 build/stm32f0xx_hal_rcc.o
                0x0000000008003e68                HAL_RCC_GetPCLK1Freq
 .text.HAL_RCCEx_PeriphCLKConfig
                0x0000000008003e88      0x130 build/stm32f0xx_hal_rcc_ex.o
                0x0000000008003e88                HAL_RCCEx_PeriphCLKConfig
 .text.HAL_InitTick
                0x0000000008003fb8       0x50 build/stm32f0xx_hal.o
                0x0000000008003fb8                HAL_InitTick
 .text.HAL_Init
                0x0000000008004008       0x20 build/stm32f0xx_hal.o
                0x0000000008004008                HAL_Init
 .text.HAL_IncTick
                0x0000000008004028       0x18 build/stm32f0xx_hal.o
                0x0000000008004028                HAL_IncTick
 .text.HAL_GetTick
                0x0000000008004040        0xc build/stm32f0xx_hal.o
                0x0000000008004040                HAL_GetTick
 .text.HAL_Delay
                0x000000000800404c       0x24 build/stm32f0xx_hal.o
                0x000000000800404c                HAL_Delay
 .text.HAL_GPIO_Init
                0x0000000008004070      0x190 build/stm32f0xx_hal_gpio.o
                0x0000000008004070                HAL_GPIO_Init
 .text.HAL_GPIO_WritePin
                0x0000000008004200        0xc build/stm32f0xx_hal_gpio.o
                0x0000000008004200                HAL_GPIO_WritePin
 .text.HAL_GPIO_EXTI_IRQHandler
                0x000000000800420c       0x1c build/stm32f0xx_hal_gpio.o
                0x000000000800420c                HAL_GPIO_EXTI_IRQHandler
 .text.HAL_DMA_Abort
                0x0000000008004228       0x44 build/stm32f0xx_hal_dma.o
                0x0000000008004228                HAL_DMA_Abort
 .text.HAL_DMA_Abort_IT
                0x000000000800426c       0x4a build/stm32f0xx_hal_dma.o
                0x000000000800426c                HAL_DMA_Abort_IT
 *fill*         0x00000000080042b6        0x2 
 .text.HAL_NVIC_SetPriority
                0x00000000080042b8       0x60 build/stm32f0xx_hal_cortex.o
                0x00000000080042b8                HAL_NVIC_SetPriority
 .text.HAL_NVIC_EnableIRQ
                0x0000000008004318       0x18 build/stm32f0xx_hal_cortex.o
                0x0000000008004318                HAL_NVIC_EnableIRQ
 .text.HAL_SYSTICK_Config
                0x0000000008004330       0x38 build/stm32f0xx_hal_cortex.o
                0x0000000008004330                HAL_SYSTICK_Config
 .text.ADC_Enable
                0x0000000008004368       0xa8 build/stm32f0xx_hal_adc.o
 .text.HAL_ADC_Init
                0x0000000008004410      0x184 build/stm32f0xx_hal_adc.o
                0x0000000008004410                HAL_ADC_Init
 .text.HAL_ADC_Start
                0x0000000008004594       0x60 build/stm32f0xx_hal_adc.o
                0x0000000008004594                HAL_ADC_Start
 .text.HAL_ADC_PollForConversion
                0x00000000080045f4       0xc0 build/stm32f0xx_hal_adc.o
                0x00000000080045f4                HAL_ADC_PollForConversion
 .text.HAL_ADC_GetValue
                0x00000000080046b4        0x6 build/stm32f0xx_hal_adc.o
                0x00000000080046b4                HAL_ADC_GetValue
 *fill*         0x00000000080046ba        0x2 
 .text.HAL_ADC_ConfigChannel
                0x00000000080046bc      0x138 build/stm32f0xx_hal_adc.o
                0x00000000080046bc                HAL_ADC_ConfigChannel
 .text.HAL_ADCEx_Calibration_Start
                0x00000000080047f4       0xb0 build/stm32f0xx_hal_adc_ex.o
                0x00000000080047f4                HAL_ADCEx_Calibration_Start
 .text.TIM_OC1_SetConfig
                0x00000000080048a4       0x88 build/stm32f0xx_hal_tim.o
 .text.TIM_OC3_SetConfig
                0x000000000800492c       0x90 build/stm32f0xx_hal_tim.o
 .text.TIM_OC4_SetConfig
                0x00000000080049bc       0x74 build/stm32f0xx_hal_tim.o
 .text.TIM_TI1_ConfigInputStage
                0x0000000008004a30       0x22 build/stm32f0xx_hal_tim.o
 *fill*         0x0000000008004a52        0x2 
 .text.TIM_TI2_ConfigInputStage
                0x0000000008004a54       0x28 build/stm32f0xx_hal_tim.o
 .text.TIM_ITRx_SetConfig
                0x0000000008004a7c       0x10 build/stm32f0xx_hal_tim.o
 .text.HAL_TIM_PWM_MspInit
                0x0000000008004a8c        0x2 build/stm32f0xx_hal_tim.o
                0x0000000008004a8c                HAL_TIM_PWM_MspInit
 *fill*         0x0000000008004a8e        0x2 
 .text.TIM_Base_SetConfig
                0x0000000008004a90       0x94 build/stm32f0xx_hal_tim.o
                0x0000000008004a90                TIM_Base_SetConfig
 .text.HAL_TIM_Base_Init
                0x0000000008004b24       0x58 build/stm32f0xx_hal_tim.o
                0x0000000008004b24                HAL_TIM_Base_Init
 .text.HAL_TIM_PWM_Init
                0x0000000008004b7c       0x58 build/stm32f0xx_hal_tim.o
                0x0000000008004b7c                HAL_TIM_PWM_Init
 .text.TIM_OC2_SetConfig
                0x0000000008004bd4       0x88 build/stm32f0xx_hal_tim.o
                0x0000000008004bd4                TIM_OC2_SetConfig
 .text.HAL_TIM_PWM_ConfigChannel
                0x0000000008004c5c       0xe0 build/stm32f0xx_hal_tim.o
                0x0000000008004c5c                HAL_TIM_PWM_ConfigChannel
 .text.TIM_ETR_SetConfig
                0x0000000008004d3c       0x18 build/stm32f0xx_hal_tim.o
                0x0000000008004d3c                TIM_ETR_SetConfig
 .text.HAL_TIM_ConfigClockSource
                0x0000000008004d54       0xe4 build/stm32f0xx_hal_tim.o
                0x0000000008004d54                HAL_TIM_ConfigClockSource
 .text.TIM_SlaveTimer_SetConfig
                0x0000000008004e38       0x90 build/stm32f0xx_hal_tim.o
 .text.HAL_TIM_SlaveConfigSynchro
                0x0000000008004ec8       0x5c build/stm32f0xx_hal_tim.o
                0x0000000008004ec8                HAL_TIM_SlaveConfigSynchro
 .text.TIM_CCxChannelCmd
                0x0000000008004f24       0x1a build/stm32f0xx_hal_tim.o
                0x0000000008004f24                TIM_CCxChannelCmd
 *fill*         0x0000000008004f3e        0x2 
 .text.HAL_TIM_PWM_Start
                0x0000000008004f40       0xf4 build/stm32f0xx_hal_tim.o
                0x0000000008004f40                HAL_TIM_PWM_Start
 .text.HAL_TIMEx_MasterConfigSynchronization
                0x0000000008005034       0x64 build/stm32f0xx_hal_tim_ex.o
                0x0000000008005034                HAL_TIMEx_MasterConfigSynchronization
 .text.UART_EndRxTransfer
                0x0000000008005098       0x38 build/stm32f0xx_hal_uart.o
 .text.HAL_UART_TxCpltCallback
                0x00000000080050d0        0x2 build/stm32f0xx_hal_uart.o
                0x00000000080050d0                HAL_UART_TxCpltCallback
 .text.UART_EndTransmit_IT
                0x00000000080050d2       0x1a build/stm32f0xx_hal_uart.o
 .text.HAL_UART_ErrorCallback
                0x00000000080050ec        0x2 build/stm32f0xx_hal_uart.o
                0x00000000080050ec                HAL_UART_ErrorCallback
 .text.UART_DMAAbortOnError
                0x00000000080050ee       0x14 build/stm32f0xx_hal_uart.o
 .text.HAL_UARTEx_RxEventCallback
                0x0000000008005102        0x2 build/stm32f0xx_hal_uart.o
                0x0000000008005102                HAL_UARTEx_RxEventCallback
 .text.HAL_UART_IRQHandler
                0x0000000008005104      0x250 build/stm32f0xx_hal_uart.o
                0x0000000008005104                HAL_UART_IRQHandler
 .text.UART_SetConfig
                0x0000000008005354      0x194 build/stm32f0xx_hal_uart.o
                0x0000000008005354                UART_SetConfig
 .text.UART_AdvFeatureConfig
                0x00000000080054e8       0xe0 build/stm32f0xx_hal_uart.o
                0x00000000080054e8                UART_AdvFeatureConfig
 .text.UART_WaitOnFlagUntilTimeout
                0x00000000080055c8       0xb0 build/stm32f0xx_hal_uart.o
                0x00000000080055c8                UART_WaitOnFlagUntilTimeout
 .text.UART_CheckIdleState
                0x0000000008005678       0x70 build/stm32f0xx_hal_uart.o
                0x0000000008005678                UART_CheckIdleState
 .text.HAL_UART_Init
                0x00000000080056e8       0x6c build/stm32f0xx_hal_uart.o
                0x00000000080056e8                HAL_UART_Init
 .text.SystemInit
                0x0000000008005754        0x2 build/system_stm32f0xx.o
                0x0000000008005754                SystemInit
 .text.USBD_Init
                0x0000000008005756       0x38 build/usbd_core.o
                0x0000000008005756                USBD_Init
 .text.USBD_RegisterClass
                0x000000000800578e       0x12 build/usbd_core.o
                0x000000000800578e                USBD_RegisterClass
 .text.USBD_Start
                0x00000000080057a0        0xa build/usbd_core.o
                0x00000000080057a0                USBD_Start
 .text.USBD_SetClassConfig
                0x00000000080057aa       0x1e build/usbd_core.o
                0x00000000080057aa                USBD_SetClassConfig
 .text.USBD_ClrClassConfig
                0x00000000080057c8       0x10 build/usbd_core.o
                0x00000000080057c8                USBD_ClrClassConfig
 .text.USBD_LL_SetupStage
                0x00000000080057d8       0x64 build/usbd_core.o
                0x00000000080057d8                USBD_LL_SetupStage
 .text.USBD_LL_DataOutStage
                0x000000000800583c       0xa4 build/usbd_core.o
                0x000000000800583c                USBD_LL_DataOutStage
 .text.USBD_LL_DataInStage
                0x00000000080058e0       0xea build/usbd_core.o
                0x00000000080058e0                USBD_LL_DataInStage
 .text.USBD_LL_Reset
                0x00000000080059ca       0x5e build/usbd_core.o
                0x00000000080059ca                USBD_LL_Reset
 .text.USBD_LL_SetSpeed
                0x0000000008005a28        0x6 build/usbd_core.o
                0x0000000008005a28                USBD_LL_SetSpeed
 *fill*         0x0000000008005a2e        0x2 
 .text.USBD_LL_Suspend
                0x0000000008005a30       0x18 build/usbd_core.o
                0x0000000008005a30                USBD_LL_Suspend
 .text.USBD_LL_Resume
                0x0000000008005a48       0x1c build/usbd_core.o
                0x0000000008005a48                USBD_LL_Resume
 .text.USBD_LL_SOF
                0x0000000008005a64       0x20 build/usbd_core.o
                0x0000000008005a64                USBD_LL_SOF
 .text.USBD_GetLen
                0x0000000008005a84       0x14 build/usbd_ctlreq.o
 .text.USBD_SetFeature
                0x0000000008005a98       0x18 build/usbd_ctlreq.o
 .text.USBD_ParseSetupRequest
                0x0000000008005ab0       0x28 build/usbd_ctlreq.o
                0x0000000008005ab0                USBD_ParseSetupRequest
 .text.USBD_CtlError
                0x0000000008005ad8       0x14 build/usbd_ctlreq.o
                0x0000000008005ad8                USBD_CtlError
 .text.USBD_GetDescriptor
                0x0000000008005aec      0x1b8 build/usbd_ctlreq.o
 .text.USBD_SetAddress
                0x0000000008005ca4       0x60 build/usbd_ctlreq.o
 .text.USBD_SetConfig
                0x0000000008005d04       0xb8 build/usbd_ctlreq.o
 .text.USBD_GetConfig
                0x0000000008005dbc       0x40 build/usbd_ctlreq.o
 .text.USBD_GetStatus
                0x0000000008005dfc       0x3e build/usbd_ctlreq.o
 .text.USBD_ClrFeature
                0x0000000008005e3a       0x2a build/usbd_ctlreq.o
 .text.USBD_StdDevReq
                0x0000000008005e64       0x6c build/usbd_ctlreq.o
                0x0000000008005e64                USBD_StdDevReq
 .text.USBD_StdItfReq
                0x0000000008005ed0       0x66 build/usbd_ctlreq.o
                0x0000000008005ed0                USBD_StdItfReq
 .text.USBD_StdEPReq
                0x0000000008005f36      0x210 build/usbd_ctlreq.o
                0x0000000008005f36                USBD_StdEPReq
 .text.USBD_GetString
                0x0000000008006146       0x3a build/usbd_ctlreq.o
                0x0000000008006146                USBD_GetString
 .text.USBD_CtlSendData
                0x0000000008006180       0x1c build/usbd_ioreq.o
                0x0000000008006180                USBD_CtlSendData
 .text.USBD_CtlContinueSendData
                0x000000000800619c       0x10 build/usbd_ioreq.o
                0x000000000800619c                USBD_CtlContinueSendData
 .text.USBD_CtlPrepareRx
                0x00000000080061ac       0x22 build/usbd_ioreq.o
                0x00000000080061ac                USBD_CtlPrepareRx
 .text.USBD_CtlContinueRx
                0x00000000080061ce       0x10 build/usbd_ioreq.o
                0x00000000080061ce                USBD_CtlContinueRx
 .text.USBD_CtlSendStatus
                0x00000000080061de       0x18 build/usbd_ioreq.o
                0x00000000080061de                USBD_CtlSendStatus
 .text.USBD_CtlReceiveStatus
                0x00000000080061f6       0x18 build/usbd_ioreq.o
                0x00000000080061f6                USBD_CtlReceiveStatus
 *fill*         0x000000000800620e        0x2 
 .text.USBD_CDC_EP0_RxReady
                0x0000000008006210       0x34 build/usbd_cdc.o
 .text.USBD_CDC_GetFSCfgDesc
                0x0000000008006244        0xc build/usbd_cdc.o
 .text.USBD_CDC_GetHSCfgDesc
                0x0000000008006250        0xc build/usbd_cdc.o
 .text.USBD_CDC_GetOtherSpeedCfgDesc
                0x000000000800625c        0xc build/usbd_cdc.o
 .text.USBD_CDC_GetDeviceQualifierDescriptor
                0x0000000008006268        0xc build/usbd_cdc.o
                0x0000000008006268                USBD_CDC_GetDeviceQualifierDescriptor
 .text.USBD_CDC_DataOut
                0x0000000008006274       0x36 build/usbd_cdc.o
 .text.USBD_CDC_DataIn
                0x00000000080062aa       0x5c build/usbd_cdc.o
 *fill*         0x0000000008006306        0x2 
 .text.USBD_CDC_Setup
                0x0000000008006308       0xf0 build/usbd_cdc.o
 .text.USBD_CDC_DeInit
                0x00000000080063f8       0x4c build/usbd_cdc.o
 .text.USBD_CDC_Init
                0x0000000008006444       0xbc build/usbd_cdc.o
 .text.USBD_CDC_RegisterInterface
                0x0000000008006500       0x12 build/usbd_cdc.o
                0x0000000008006500                USBD_CDC_RegisterInterface
 .text.USBD_CDC_SetTxBuffer
                0x0000000008006512       0x16 build/usbd_cdc.o
                0x0000000008006512                USBD_CDC_SetTxBuffer
 .text.USBD_CDC_SetRxBuffer
                0x0000000008006528        0xe build/usbd_cdc.o
                0x0000000008006528                USBD_CDC_SetRxBuffer
 .text.USBD_CDC_TransmitPacket
                0x0000000008006536       0x3e build/usbd_cdc.o
                0x0000000008006536                USBD_CDC_TransmitPacket
 .text.USBD_CDC_ReceivePacket
                0x0000000008006574       0x3c build/usbd_cdc.o
                0x0000000008006574                USBD_CDC_ReceivePacket
 .text.Reset_Handler
                0x00000000080065b0       0x50 build/startup_stm32f070xb.o
                0x00000000080065b0                Reset_Handler
 .text.Default_Handler
                0x0000000008006600        0x2 build/startup_stm32f070xb.o
                0x0000000008006600                TIM1_CC_IRQHandler
                0x0000000008006600                TIM6_IRQHandler
                0x0000000008006600                I2C1_IRQHandler
                0x0000000008006600                SPI1_IRQHandler
                0x0000000008006600                USART3_4_IRQHandler
                0x0000000008006600                ADC1_IRQHandler
                0x0000000008006600                I2C2_IRQHandler
                0x0000000008006600                TIM17_IRQHandler
                0x0000000008006600                RTC_IRQHandler
                0x0000000008006600                TIM16_IRQHandler
                0x0000000008006600                TIM3_IRQHandler
                0x0000000008006600                EXTI4_15_IRQHandler
                0x0000000008006600                RCC_IRQHandler
                0x0000000008006600                DMA1_Channel1_IRQHandler
                0x0000000008006600                Default_Handler
                0x0000000008006600                TIM14_IRQHandler
                0x0000000008006600                DMA1_Channel4_5_IRQHandler
                0x0000000008006600                TIM7_IRQHandler
                0x0000000008006600                TIM15_IRQHandler
                0x0000000008006600                SPI2_IRQHandler
                0x0000000008006600                WWDG_IRQHandler
                0x0000000008006600                DMA1_Channel2_3_IRQHandler
                0x0000000008006600                USART2_IRQHandler
                0x0000000008006600                FLASH_IRQHandler
                0x0000000008006600                TIM1_BRK_UP_TRG_COM_IRQHandler
 *(.glue_7)
 .glue_7        0x0000000008006602        0x0 linker stubs
 *(.glue_7t)
 .glue_7t       0x0000000008006602        0x0 linker stubs
 *(.eh_frame)
 *fill*         0x0000000008006602        0x2 
 .eh_frame      0x0000000008006604        0x0 /usr/lib/gcc/arm-none-eabi/9.2.1/thumb/v6-m/nofp/crtbegin.o
 *(.init)
 .init          0x0000000008006604        0x4 /usr/lib/gcc/arm-none-eabi/9.2.1/thumb/v6-m/nofp/crti.o
                0x0000000008006604                _init
 .init          0x0000000008006608        0x8 /usr/lib/gcc/arm-none-eabi/9.2.1/thumb/v6-m/nofp/crtn.o
 *(.fini)
 .fini          0x0000000008006610        0x4 /usr/lib/gcc/arm-none-eabi/9.2.1/thumb/v6-m/nofp/crti.o
                0x0000000008006610                _fini
 .fini          0x0000000008006614        0x8 /usr/lib/gcc/arm-none-eabi/9.2.1/thumb/v6-m/nofp/crtn.o
                0x000000000800661c                . = ALIGN (0x4)
                0x000000000800661c                _etext = .

.vfp11_veneer   0x000000000800661c        0x0
 .vfp11_veneer  0x000000000800661c        0x0 linker stubs

.v4_bx          0x000000000800661c        0x0
 .v4_bx         0x000000000800661c        0x0 linker stubs

.iplt           0x000000000800661c        0x0
 .iplt          0x000000000800661c        0x0 /usr/lib/gcc/arm-none-eabi/9.2.1/thumb/v6-m/nofp/crtbegin.o

.rodata         0x000000000800661c      0x158
                0x000000000800661c                . = ALIGN (0x4)
 *(.rodata)
 *(.rodata*)
 .rodata.main.str1.4
                0x000000000800661c       0x35 build/main.o
 *fill*         0x0000000008006651        0x3 
 .rodata.USBD_FS_ProductStrDescriptor.str1.4
                0x0000000008006654       0x19 build/usbd_desc.o
 *fill*         0x000000000800666d        0x3 
 .rodata.USBD_FS_ManufacturerStrDescriptor.str1.4
                0x0000000008006670        0xc build/usbd_desc.o
 .rodata.USBD_FS_ConfigStrDescriptor.str1.4
                0x000000000800667c        0xb build/usbd_desc.o
 *fill*         0x0000000008006687        0x1 
 .rodata.USBD_FS_InterfaceStrDescriptor.str1.4
                0x0000000008006688        0xe build/usbd_desc.o
 *fill*         0x0000000008006696        0x2 
 .rodata.HAL_RCC_GetSysClockFreq.str1.4
                0x0000000008006698       0x25 build/stm32f0xx_hal_rcc.o
 *fill*         0x00000000080066bd        0x3 
 .rodata.AHBPrescTable
                0x00000000080066c0       0x10 build/system_stm32f0xx.o
                0x00000000080066c0                AHBPrescTable
 .rodata.APBPrescTable
                0x00000000080066d0        0x8 build/system_stm32f0xx.o
                0x00000000080066d0                APBPrescTable
 .rodata.USBD_GetDescriptor
                0x00000000080066d8       0x38 build/usbd_ctlreq.o
 .rodata.USBD_StdDevReq
                0x0000000008006710       0x28 build/usbd_ctlreq.o
 .rodata.str1.4
                0x0000000008006738       0x13 /usr/lib/gcc/arm-none-eabi/9.2.1/../../../arm-none-eabi/lib/thumb/v6-m/nofp/libc_nano.a(lib_a-nano-svfprintf.o)
 *fill*         0x000000000800674b        0x1 
 .rodata.str1.4
                0x000000000800674c       0x25 /usr/lib/gcc/arm-none-eabi/9.2.1/../../../arm-none-eabi/lib/thumb/v6-m/nofp/libc_nano.a(lib_a-nano-vfprintf_i.o)
                0x0000000008006774                . = ALIGN (0x4)
 *fill*         0x0000000008006771        0x3 

.rel.dyn        0x0000000008006774        0x0
 .rel.iplt      0x0000000008006774        0x0 /usr/lib/gcc/arm-none-eabi/9.2.1/thumb/v6-m/nofp/crtbegin.o

.ARM.extab
 *(.ARM.extab* .gnu.linkonce.armextab.*)

.ARM            0x0000000008006774        0x0
                0x0000000008006774                __exidx_start = .
 *(.ARM.exidx*)
                0x0000000008006774                __exidx_end = .

.preinit_array  0x0000000008006774        0x0
                0x0000000008006774                PROVIDE (__preinit_array_start = .)
 *(.preinit_array*)
                0x0000000008006774                PROVIDE (__preinit_array_end = .)

.init_array     0x0000000008006774        0x4
                0x0000000008006774                PROVIDE (__init_array_start = .)
 *(SORT_BY_NAME(.init_array.*))
 *(.init_array*)
 .init_array    0x0000000008006774        0x4 /usr/lib/gcc/arm-none-eabi/9.2.1/thumb/v6-m/nofp/crtbegin.o
                0x0000000008006778                PROVIDE (__init_array_end = .)

.fini_array     0x0000000008006778        0x4
                0x0000000008006778                PROVIDE (__fini_array_start = .)
 *(SORT_BY_NAME(.fini_array.*))
 *(.fini_array*)
 .fini_array    0x0000000008006778        0x4 /usr/lib/gcc/arm-none-eabi/9.2.1/thumb/v6-m/nofp/crtbegin.o
                0x000000000800677c                PROVIDE (__fini_array_end = .)
                0x000000000800677c                _sidata = LOADADDR (.data)

.data           0x0000000020000000      0x1e0 load address 0x000000000800677c
                0x0000000020000000                . = ALIGN (0x4)
                0x0000000020000000                _sdata = .
 *(.data)
 .data          0x0000000020000000       0x64 /usr/lib/gcc/arm-none-eabi/9.2.1/../../../arm-none-eabi/lib/thumb/v6-m/nofp/libc_nano.a(lib_a-impure.o)
                0x0000000020000000                _impure_ptr
 *(.data*)
 .data.FS_Desc  0x0000000020000064       0x1c build/usbd_desc.o
                0x0000000020000064                FS_Desc
 .data.USBD_FS_DeviceDesc
                0x0000000020000080       0x12 build/usbd_desc.o
                0x0000000020000080                USBD_FS_DeviceDesc
 *fill*         0x0000000020000092        0x2 
 .data.USBD_LangIDDesc
                0x0000000020000094        0x4 build/usbd_desc.o
                0x0000000020000094                USBD_LangIDDesc
 .data.USBD_StringSerial
                0x0000000020000098       0x1a build/usbd_desc.o
                0x0000000020000098                USBD_StringSerial
 *fill*         0x00000000200000b2        0x2 
 .data.USBD_Interface_fops_FS
                0x00000000200000b4       0x10 build/usbd_cdc_if.o
                0x00000000200000b4                USBD_Interface_fops_FS
 .data.uwTickFreq
                0x00000000200000c4        0x1 build/stm32f0xx_hal.o
                0x00000000200000c4                uwTickFreq
 *fill*         0x00000000200000c5        0x3 
 .data.uwTickPrio
                0x00000000200000c8        0x4 build/stm32f0xx_hal.o
                0x00000000200000c8                uwTickPrio
 .data.SystemCoreClock
                0x00000000200000cc        0x4 build/system_stm32f0xx.o
                0x00000000200000cc                SystemCoreClock
 .data.USBD_CDC
                0x00000000200000d0       0x38 build/usbd_cdc.o
                0x00000000200000d0                USBD_CDC
 .data.USBD_CDC_CfgFSDesc
                0x0000000020000108       0x43 build/usbd_cdc.o
                0x0000000020000108                USBD_CDC_CfgFSDesc
 *fill*         0x000000002000014b        0x1 
 .data.USBD_CDC_CfgHSDesc
                0x000000002000014c       0x43 build/usbd_cdc.o
                0x000000002000014c                USBD_CDC_CfgHSDesc
 *fill*         0x000000002000018f        0x1 
 .data.USBD_CDC_DeviceQualifierDesc
                0x0000000020000190        0xa build/usbd_cdc.o
 *fill*         0x000000002000019a        0x2 
 .data.USBD_CDC_OtherSpeedCfgDesc
                0x000000002000019c       0x43 build/usbd_cdc.o
                0x000000002000019c                USBD_CDC_OtherSpeedCfgDesc
                0x00000000200001e0                . = ALIGN (0x4)
 *fill*         0x00000000200001df        0x1 
                0x00000000200001e0                _edata = .

.tm_clone_table
                0x00000000200001e0        0x0 load address 0x000000000800695c
 .tm_clone_table
                0x00000000200001e0        0x0 /usr/lib/gcc/arm-none-eabi/9.2.1/thumb/v6-m/nofp/crtbegin.o
 .tm_clone_table
                0x00000000200001e0        0x0 /usr/lib/gcc/arm-none-eabi/9.2.1/thumb/v6-m/nofp/crtend.o

.igot.plt       0x00000000200001e0        0x0 load address 0x000000000800695c
 .igot.plt      0x00000000200001e0        0x0 /usr/lib/gcc/arm-none-eabi/9.2.1/thumb/v6-m/nofp/crtbegin.o
                0x00000000200001e0                . = ALIGN (0x4)

.bss            0x00000000200001e0     0x1364 load address 0x000000000800695c
                0x00000000200001e0                _sbss = .
                0x00000000200001e0                __bss_start__ = _sbss
 *(.bss)
 .bss           0x00000000200001e0       0x1c /usr/lib/gcc/arm-none-eabi/9.2.1/thumb/v6-m/nofp/crtbegin.o
 .bss           0x00000000200001fc        0x8 /usr/lib/gcc/arm-none-eabi/9.2.1/../../../arm-none-eabi/lib/thumb/v6-m/nofp/libc_nano.a(lib_a-nano-mallocr.o)
                0x00000000200001fc                __malloc_free_list
                0x0000000020000200                __malloc_sbrk_start
 .bss           0x0000000020000204        0x4 /usr/lib/gcc/arm-none-eabi/9.2.1/../../../arm-none-eabi/lib/thumb/v6-m/nofp/libnosys.a(sbrk.o)
 *(.bss*)
 .bss.enc_a_count
                0x0000000020000208        0x4 build/main.o
                0x0000000020000208                enc_a_count
 .bss.enc_b_count
                0x000000002000020c        0x4 build/main.o
                0x000000002000020c                enc_b_count
 .bss.enc_c_count
                0x0000000020000210        0x4 build/main.o
                0x0000000020000210                enc_c_count
 .bss.RX_FIFO   0x0000000020000214       0x28 build/usbd_cdc_if.o
                0x0000000020000214                RX_FIFO
 .bss.mem.8497  0x000000002000023c      0x220 build/usbd_conf.o
 .bss.cfgidx.8428
                0x000000002000045c        0x1 build/usbd_ctlreq.o
 *(COMMON)
 *fill*         0x000000002000045d        0x3 
 COMMON         0x0000000020000460      0x154 build/main.o
                0x0000000020000460                htim3
                0x00000000200004a8                huart1
                0x000000002000052c                htim1
                0x0000000020000574                hadc
 COMMON         0x00000000200005b4      0x2c4 build/usb_device.o
                0x00000000200005b4                hUsbDeviceFS
 COMMON         0x0000000020000878      0x200 build/usbd_desc.o
                0x0000000020000878                USBD_StrDesc
 COMMON         0x0000000020000a78      0x7d0 build/usbd_cdc_if.o
                0x0000000020000a78                UserRxBufferFS
                0x0000000020000e60                UserTxBufferFS
 COMMON         0x0000000020001248      0x2f4 build/usbd_conf.o
                0x0000000020001248                hpcd_USB_FS
 COMMON         0x000000002000153c        0x4 build/stm32f0xx_hal.o
                0x000000002000153c                uwTick
 COMMON         0x0000000020001540        0x4 /usr/lib/gcc/arm-none-eabi/9.2.1/../../../arm-none-eabi/lib/thumb/v6-m/nofp/libc_nano.a(lib_a-reent.o)
                0x0000000020001540                errno
                0x0000000020001544                . = ALIGN (0x4)
                0x0000000020001544                _ebss = .
                0x0000000020001544                __bss_end__ = _ebss

._user_heap_stack
                0x0000000020001544      0x604 load address 0x000000000800695c
                0x0000000020001548                . = ALIGN (0x8)
 *fill*         0x0000000020001544        0x4 
                0x0000000020001548                PROVIDE (end = .)
                [!provide]                        PROVIDE (_end = .)
                0x0000000020001748                . = (. + _Min_Heap_Size)
 *fill*         0x0000000020001548      0x200 
                0x0000000020001b48                . = (. + _Min_Stack_Size)
 *fill*         0x0000000020001748      0x400 
                0x0000000020001b48                . = ALIGN (0x8)

/DISCARD/
 libc.a(*)
 libm.a(*)
 libgcc.a(*)

.ARM.attributes
                0x0000000000000000       0x28
 *(.ARM.attributes)
 .ARM.attributes
                0x0000000000000000       0x1e /usr/lib/gcc/arm-none-eabi/9.2.1/thumb/v6-m/nofp/crti.o
 .ARM.attributes
                0x000000000000001e       0x2c /usr/lib/gcc/arm-none-eabi/9.2.1/thumb/v6-m/nofp/crtbegin.o
 .ARM.attributes
                0x000000000000004a       0x2c build/main.o
 .ARM.attributes
                0x0000000000000076       0x2c build/stm32f0xx_it.o
 .ARM.attributes
                0x00000000000000a2       0x2c build/stm32f0xx_hal_msp.o
 .ARM.attributes
                0x00000000000000ce       0x2c build/usb_device.o
 .ARM.attributes
                0x00000000000000fa       0x2c build/usbd_desc.o
 .ARM.attributes
                0x0000000000000126       0x2c build/usbd_cdc_if.o
 .ARM.attributes
                0x0000000000000152       0x2c build/usbd_conf.o
 .ARM.attributes
                0x000000000000017e       0x2c build/stm32f0xx_ll_usb.o
 .ARM.attributes
                0x00000000000001aa       0x2c build/stm32f0xx_hal_pcd.o
 .ARM.attributes
                0x00000000000001d6       0x2c build/stm32f0xx_hal_pcd_ex.o
 .ARM.attributes
                0x0000000000000202       0x2c build/stm32f0xx_hal_rcc.o
 .ARM.attributes
                0x000000000000022e       0x2c build/stm32f0xx_hal_rcc_ex.o
 .ARM.attributes
                0x000000000000025a       0x2c build/stm32f0xx_hal.o
 .ARM.attributes
                0x0000000000000286       0x2c build/stm32f0xx_hal_gpio.o
 .ARM.attributes
                0x00000000000002b2       0x2c build/stm32f0xx_hal_dma.o
 .ARM.attributes
                0x00000000000002de       0x2c build/stm32f0xx_hal_cortex.o
 .ARM.attributes
                0x000000000000030a       0x2c build/stm32f0xx_hal_adc.o
 .ARM.attributes
                0x0000000000000336       0x2c build/stm32f0xx_hal_adc_ex.o
 .ARM.attributes
                0x0000000000000362       0x2c build/stm32f0xx_hal_tim.o
 .ARM.attributes
                0x000000000000038e       0x2c build/stm32f0xx_hal_tim_ex.o
 .ARM.attributes
                0x00000000000003ba       0x2c build/stm32f0xx_hal_uart.o
 .ARM.attributes
                0x00000000000003e6       0x2c build/system_stm32f0xx.o
 .ARM.attributes
                0x0000000000000412       0x2c build/usbd_core.o
 .ARM.attributes
                0x000000000000043e       0x2c build/usbd_ctlreq.o
 .ARM.attributes
                0x000000000000046a       0x2c build/usbd_ioreq.o
 .ARM.attributes
                0x0000000000000496       0x2c build/usbd_cdc.o
 .ARM.attributes
                0x00000000000004c2       0x21 build/startup_stm32f070xb.o
 .ARM.attributes
                0x00000000000004e3       0x2c /usr/lib/gcc/arm-none-eabi/9.2.1/../../../arm-none-eabi/lib/thumb/v6-m/nofp/libc_nano.a(lib_a-impure.o)
 .ARM.attributes
                0x000000000000050f       0x2c /usr/lib/gcc/arm-none-eabi/9.2.1/../../../arm-none-eabi/lib/thumb/v6-m/nofp/libc_nano.a(lib_a-init.o)
 .ARM.attributes
                0x000000000000053b       0x2c /usr/lib/gcc/arm-none-eabi/9.2.1/../../../arm-none-eabi/lib/thumb/v6-m/nofp/libc_nano.a(lib_a-memset.o)
 .ARM.attributes
                0x0000000000000567       0x2c /usr/lib/gcc/arm-none-eabi/9.2.1/../../../arm-none-eabi/lib/thumb/v6-m/nofp/libc_nano.a(lib_a-sprintf.o)
 .ARM.attributes
                0x0000000000000593       0x2c /usr/lib/gcc/arm-none-eabi/9.2.1/../../../arm-none-eabi/lib/thumb/v6-m/nofp/libc_nano.a(lib_a-nano-svfprintf.o)
 .ARM.attributes
                0x00000000000005bf       0x2c /usr/lib/gcc/arm-none-eabi/9.2.1/../../../arm-none-eabi/lib/thumb/v6-m/nofp/libc_nano.a(lib_a-nano-vfprintf_i.o)
 .ARM.attributes
                0x00000000000005eb       0x2c /usr/lib/gcc/arm-none-eabi/9.2.1/../../../arm-none-eabi/lib/thumb/v6-m/nofp/libc_nano.a(lib_a-memchr-stub.o)
 .ARM.attributes
                0x0000000000000617       0x2c /usr/lib/gcc/arm-none-eabi/9.2.1/../../../arm-none-eabi/lib/thumb/v6-m/nofp/libc_nano.a(lib_a-memcpy-stub.o)
 .ARM.attributes
                0x0000000000000643       0x2c /usr/lib/gcc/arm-none-eabi/9.2.1/../../../arm-none-eabi/lib/thumb/v6-m/nofp/libc_nano.a(lib_a-memmove.o)
 .ARM.attributes
                0x000000000000066f       0x2c /usr/lib/gcc/arm-none-eabi/9.2.1/../../../arm-none-eabi/lib/thumb/v6-m/nofp/libc_nano.a(lib_a-nano-freer.o)
 .ARM.attributes
                0x000000000000069b       0x2c /usr/lib/gcc/arm-none-eabi/9.2.1/../../../arm-none-eabi/lib/thumb/v6-m/nofp/libc_nano.a(lib_a-nano-mallocr.o)
 .ARM.attributes
                0x00000000000006c7       0x2c /usr/lib/gcc/arm-none-eabi/9.2.1/../../../arm-none-eabi/lib/thumb/v6-m/nofp/libc_nano.a(lib_a-nano-reallocr.o)
 .ARM.attributes
                0x00000000000006f3       0x2c /usr/lib/gcc/arm-none-eabi/9.2.1/../../../arm-none-eabi/lib/thumb/v6-m/nofp/libc_nano.a(lib_a-sbrkr.o)
 .ARM.attributes
                0x000000000000071f       0x2c /usr/lib/gcc/arm-none-eabi/9.2.1/../../../arm-none-eabi/lib/thumb/v6-m/nofp/libc_nano.a(lib_a-mlock.o)
 .ARM.attributes
                0x000000000000074b       0x2c /usr/lib/gcc/arm-none-eabi/9.2.1/../../../arm-none-eabi/lib/thumb/v6-m/nofp/libc_nano.a(lib_a-nano-msizer.o)
 .ARM.attributes
                0x0000000000000777       0x2c /usr/lib/gcc/arm-none-eabi/9.2.1/../../../arm-none-eabi/lib/thumb/v6-m/nofp/libc_nano.a(lib_a-reent.o)
 .ARM.attributes
                0x00000000000007a3       0x2c /usr/lib/gcc/arm-none-eabi/9.2.1/../../../arm-none-eabi/lib/thumb/v6-m/nofp/libnosys.a(sbrk.o)
 .ARM.attributes
                0x00000000000007cf       0x1e /usr/lib/gcc/arm-none-eabi/9.2.1/thumb/v6-m/nofp/libgcc.a(_udivsi3.o)
 .ARM.attributes
                0x00000000000007ed       0x1e /usr/lib/gcc/arm-none-eabi/9.2.1/thumb/v6-m/nofp/libgcc.a(_dvmd_tls.o)
 .ARM.attributes
                0x000000000000080b       0x2c /usr/lib/gcc/arm-none-eabi/9.2.1/thumb/v6-m/nofp/crtend.o
 .ARM.attributes
                0x0000000000000837       0x1e /usr/lib/gcc/arm-none-eabi/9.2.1/thumb/v6-m/nofp/crtn.o
OUTPUT(build/motor_firmware.elf elf32-littlearm)
LOAD linker stubs
LOAD /usr/lib/gcc/arm-none-eabi/9.2.1/../../../arm-none-eabi/lib/thumb/v6-m/nofp/libc.a
LOAD /usr/lib/gcc/arm-none-eabi/9.2.1/../../../arm-none-eabi/lib/thumb/v6-m/nofp/libm.a
LOAD /usr/lib/gcc/arm-none-eabi/9.2.1/thumb/v6-m/nofp/libgcc.a

.comment        0x0000000000000000       0xa7
 .comment       0x0000000000000000       0x59 /usr/lib/gcc/arm-none-eabi/9.2.1/thumb/v6-m/nofp/crtbegin.o
                                         0x5a (size before relaxing)
 .comment       0x0000000000000059       0x5a build/main.o
 .comment       0x0000000000000059       0x5a build/stm32f0xx_it.o
 .comment       0x0000000000000059       0x5a build/stm32f0xx_hal_msp.o
 .comment       0x0000000000000059       0x5a build/usb_device.o
 .comment       0x0000000000000059       0x5a build/usbd_desc.o
 .comment       0x0000000000000059       0x5a build/usbd_cdc_if.o
 .comment       0x0000000000000059       0x5a build/usbd_conf.o
 .comment       0x0000000000000059       0x5a build/stm32f0xx_ll_usb.o
 .comment       0x0000000000000059       0x5a build/stm32f0xx_hal_pcd.o
 .comment       0x0000000000000059       0x5a build/stm32f0xx_hal_pcd_ex.o
 .comment       0x0000000000000059       0x5a build/stm32f0xx_hal_rcc.o
 .comment       0x0000000000000059       0x5a build/stm32f0xx_hal_rcc_ex.o
 .comment       0x0000000000000059       0x5a build/stm32f0xx_hal.o
 .comment       0x0000000000000059       0x5a build/stm32f0xx_hal_gpio.o
 .comment       0x0000000000000059       0x5a build/stm32f0xx_hal_dma.o
 .comment       0x0000000000000059       0x5a build/stm32f0xx_hal_cortex.o
 .comment       0x0000000000000059       0x5a build/stm32f0xx_hal_adc.o
 .comment       0x0000000000000059       0x5a build/stm32f0xx_hal_adc_ex.o
 .comment       0x0000000000000059       0x5a build/stm32f0xx_hal_tim.o
 .comment       0x0000000000000059       0x5a build/stm32f0xx_hal_tim_ex.o
 .comment       0x0000000000000059       0x5a build/stm32f0xx_hal_uart.o
 .comment       0x0000000000000059       0x5a build/system_stm32f0xx.o
 .comment       0x0000000000000059       0x5a build/usbd_core.o
 .comment       0x0000000000000059       0x5a build/usbd_ctlreq.o
 .comment       0x0000000000000059       0x5a build/usbd_ioreq.o
 .comment       0x0000000000000059       0x5a build/usbd_cdc.o
 .comment       0x0000000000000059       0x4e /usr/lib/gcc/arm-none-eabi/9.2.1/../../../arm-none-eabi/lib/thumb/v6-m/nofp/libc_nano.a(lib_a-impure.o)
                                         0x4f (size before relaxing)
 .comment       0x00000000000000a7       0x4f /usr/lib/gcc/arm-none-eabi/9.2.1/../../../arm-none-eabi/lib/thumb/v6-m/nofp/libc_nano.a(lib_a-init.o)
 .comment       0x00000000000000a7       0x4f /usr/lib/gcc/arm-none-eabi/9.2.1/../../../arm-none-eabi/lib/thumb/v6-m/nofp/libc_nano.a(lib_a-memset.o)
 .comment       0x00000000000000a7       0x4f /usr/lib/gcc/arm-none-eabi/9.2.1/../../../arm-none-eabi/lib/thumb/v6-m/nofp/libc_nano.a(lib_a-sprintf.o)
 .comment       0x00000000000000a7       0x4f /usr/lib/gcc/arm-none-eabi/9.2.1/../../../arm-none-eabi/lib/thumb/v6-m/nofp/libc_nano.a(lib_a-nano-svfprintf.o)
 .comment       0x00000000000000a7       0x4f /usr/lib/gcc/arm-none-eabi/9.2.1/../../../arm-none-eabi/lib/thumb/v6-m/nofp/libc_nano.a(lib_a-nano-vfprintf_i.o)
 .comment       0x00000000000000a7       0x4f /usr/lib/gcc/arm-none-eabi/9.2.1/../../../arm-none-eabi/lib/thumb/v6-m/nofp/libc_nano.a(lib_a-memchr-stub.o)
 .comment       0x00000000000000a7       0x4f /usr/lib/gcc/arm-none-eabi/9.2.1/../../../arm-none-eabi/lib/thumb/v6-m/nofp/libc_nano.a(lib_a-memcpy-stub.o)
 .comment       0x00000000000000a7       0x4f /usr/lib/gcc/arm-none-eabi/9.2.1/../../../arm-none-eabi/lib/thumb/v6-m/nofp/libc_nano.a(lib_a-memmove.o)
 .comment       0x00000000000000a7       0x4f /usr/lib/gcc/arm-none-eabi/9.2.1/../../../arm-none-eabi/lib/thumb/v6-m/nofp/libc_nano.a(lib_a-nano-freer.o)
 .comment       0x00000000000000a7       0x4f /usr/lib/gcc/arm-none-eabi/9.2.1/../../../arm-none-eabi/lib/thumb/v6-m/nofp/libc_nano.a(lib_a-nano-mallocr.o)
 .comment       0x00000000000000a7       0x4f /usr/lib/gcc/arm-none-eabi/9.2.1/../../../arm-none-eabi/lib/thumb/v6-m/nofp/libc_nano.a(lib_a-nano-reallocr.o)
 .comment       0x00000000000000a7       0x4f /usr/lib/gcc/arm-none-eabi/9.2.1/../../../arm-none-eabi/lib/thumb/v6-m/nofp/libc_nano.a(lib_a-sbrkr.o)
 .comment       0x00000000000000a7       0x4f /usr/lib/gcc/arm-none-eabi/9.2.1/../../../arm-none-eabi/lib/thumb/v6-m/nofp/libc_nano.a(lib_a-mlock.o)
 .comment       0x00000000000000a7       0x4f /usr/lib/gcc/arm-none-eabi/9.2.1/../../../arm-none-eabi/lib/thumb/v6-m/nofp/libc_nano.a(lib_a-nano-msizer.o)
 .comment       0x00000000000000a7       0x4f /usr/lib/gcc/arm-none-eabi/9.2.1/../../../arm-none-eabi/lib/thumb/v6-m/nofp/libc_nano.a(lib_a-reent.o)
 .comment       0x00000000000000a7       0x4f /usr/lib/gcc/arm-none-eabi/9.2.1/../../../arm-none-eabi/lib/thumb/v6-m/nofp/libnosys.a(sbrk.o)
 .comment       0x00000000000000a7       0x5a /usr/lib/gcc/arm-none-eabi/9.2.1/thumb/v6-m/nofp/crtend.o

.debug_info     0x0000000000000000    0x2e2fc
 .debug_info    0x0000000000000000     0x2aa6 build/main.o
 .debug_info    0x0000000000002aa6      0xe39 build/stm32f0xx_it.o
 .debug_info    0x00000000000038df     0x144d build/stm32f0xx_hal_msp.o
 .debug_info    0x0000000000004d2c     0x11af build/usb_device.o
 .debug_info    0x0000000000005edb     0x106a build/usbd_desc.o
 .debug_info    0x0000000000006f45     0x147e build/usbd_cdc_if.o
 .debug_info    0x00000000000083c3     0x269b build/usbd_conf.o
 .debug_info    0x000000000000aa5e     0x1b1d build/stm32f0xx_ll_usb.o
 .debug_info    0x000000000000c57b     0x19de build/stm32f0xx_hal_pcd.o
 .debug_info    0x000000000000df59      0xb39 build/stm32f0xx_hal_pcd_ex.o
 .debug_info    0x000000000000ea92      0xb2f build/stm32f0xx_hal_rcc.o
 .debug_info    0x000000000000f5c1      0x50c build/stm32f0xx_hal_rcc_ex.o
 .debug_info    0x000000000000facd      0x828 build/stm32f0xx_hal.o
 .debug_info    0x00000000000102f5      0x773 build/stm32f0xx_hal_gpio.o
 .debug_info    0x0000000000010a68      0x9c0 build/stm32f0xx_hal_dma.o
 .debug_info    0x0000000000011428      0x96b build/stm32f0xx_hal_cortex.o
 .debug_info    0x0000000000011d93     0x113e build/stm32f0xx_hal_adc.o
 .debug_info    0x0000000000012ed1      0x6ff build/stm32f0xx_hal_adc_ex.o
 .debug_info    0x00000000000135d0     0x3e25 build/stm32f0xx_hal_tim.o
 .debug_info    0x00000000000173f5     0x1b71 build/stm32f0xx_hal_tim_ex.o
 .debug_info    0x0000000000018f66     0x20e5 build/stm32f0xx_hal_uart.o
 .debug_info    0x000000000001b04b      0x2f0 build/system_stm32f0xx.o
 .debug_info    0x000000000001b33b     0x1897 build/usbd_core.o
 .debug_info    0x000000000001cbd2     0x1ba6 build/usbd_ctlreq.o
 .debug_info    0x000000000001e778     0x12bc build/usbd_ioreq.o
 .debug_info    0x000000000001fa34     0x1f8a build/usbd_cdc.o
 .debug_info    0x00000000000219be       0x22 build/startup_stm32f070xb.o
 .debug_info    0x00000000000219e0      0x92a /usr/lib/gcc/arm-none-eabi/9.2.1/../../../arm-none-eabi/lib/thumb/v6-m/nofp/libc_nano.a(lib_a-impure.o)
 .debug_info    0x000000000002230a      0x11a /usr/lib/gcc/arm-none-eabi/9.2.1/../../../arm-none-eabi/lib/thumb/v6-m/nofp/libc_nano.a(lib_a-init.o)
 .debug_info    0x0000000000022424      0xf21 /usr/lib/gcc/arm-none-eabi/9.2.1/../../../arm-none-eabi/lib/thumb/v6-m/nofp/libc_nano.a(lib_a-memset.o)
 .debug_info    0x0000000000023345      0xc90 /usr/lib/gcc/arm-none-eabi/9.2.1/../../../arm-none-eabi/lib/thumb/v6-m/nofp/libc_nano.a(lib_a-sprintf.o)
 .debug_info    0x0000000000023fd5     0x1811 /usr/lib/gcc/arm-none-eabi/9.2.1/../../../arm-none-eabi/lib/thumb/v6-m/nofp/libc_nano.a(lib_a-nano-svfprintf.o)
 .debug_info    0x00000000000257e6     0x158d /usr/lib/gcc/arm-none-eabi/9.2.1/../../../arm-none-eabi/lib/thumb/v6-m/nofp/libc_nano.a(lib_a-nano-vfprintf_i.o)
 .debug_info    0x0000000000026d73      0x9e3 /usr/lib/gcc/arm-none-eabi/9.2.1/../../../arm-none-eabi/lib/thumb/v6-m/nofp/libc_nano.a(lib_a-memchr-stub.o)
 .debug_info    0x0000000000027756      0xf35 /usr/lib/gcc/arm-none-eabi/9.2.1/../../../arm-none-eabi/lib/thumb/v6-m/nofp/libc_nano.a(lib_a-memcpy-stub.o)
 .debug_info    0x000000000002868b      0xf2b /usr/lib/gcc/arm-none-eabi/9.2.1/../../../arm-none-eabi/lib/thumb/v6-m/nofp/libc_nano.a(lib_a-memmove.o)
 .debug_info    0x00000000000295b6      0xb82 /usr/lib/gcc/arm-none-eabi/9.2.1/../../../arm-none-eabi/lib/thumb/v6-m/nofp/libc_nano.a(lib_a-nano-freer.o)
 .debug_info    0x000000000002a138      0xc57 /usr/lib/gcc/arm-none-eabi/9.2.1/../../../arm-none-eabi/lib/thumb/v6-m/nofp/libc_nano.a(lib_a-nano-mallocr.o)
 .debug_info    0x000000000002ad8f      0xb76 /usr/lib/gcc/arm-none-eabi/9.2.1/../../../arm-none-eabi/lib/thumb/v6-m/nofp/libc_nano.a(lib_a-nano-reallocr.o)
 .debug_info    0x000000000002b905      0x9fb /usr/lib/gcc/arm-none-eabi/9.2.1/../../../arm-none-eabi/lib/thumb/v6-m/nofp/libc_nano.a(lib_a-sbrkr.o)
 .debug_info    0x000000000002c300      0x961 /usr/lib/gcc/arm-none-eabi/9.2.1/../../../arm-none-eabi/lib/thumb/v6-m/nofp/libc_nano.a(lib_a-mlock.o)
 .debug_info    0x000000000002cc61      0xaa6 /usr/lib/gcc/arm-none-eabi/9.2.1/../../../arm-none-eabi/lib/thumb/v6-m/nofp/libc_nano.a(lib_a-nano-msizer.o)
 .debug_info    0x000000000002d707      0xb0c /usr/lib/gcc/arm-none-eabi/9.2.1/../../../arm-none-eabi/lib/thumb/v6-m/nofp/libc_nano.a(lib_a-reent.o)
 .debug_info    0x000000000002e213       0x9d /usr/lib/gcc/arm-none-eabi/9.2.1/../../../arm-none-eabi/lib/thumb/v6-m/nofp/libnosys.a(sbrk.o)
 .debug_info    0x000000000002e2b0       0x26 /usr/lib/gcc/arm-none-eabi/9.2.1/thumb/v6-m/nofp/libgcc.a(_udivsi3.o)
 .debug_info    0x000000000002e2d6       0x26 /usr/lib/gcc/arm-none-eabi/9.2.1/thumb/v6-m/nofp/libgcc.a(_dvmd_tls.o)

.debug_abbrev   0x0000000000000000     0x67cc
 .debug_abbrev  0x0000000000000000      0x3a3 build/main.o
 .debug_abbrev  0x00000000000003a3      0x1c7 build/stm32f0xx_it.o
 .debug_abbrev  0x000000000000056a      0x26b build/stm32f0xx_hal_msp.o
 .debug_abbrev  0x00000000000007d5      0x228 build/usb_device.o
 .debug_abbrev  0x00000000000009fd      0x320 build/usbd_desc.o
 .debug_abbrev  0x0000000000000d1d      0x32b build/usbd_cdc_if.o
 .debug_abbrev  0x0000000000001048      0x39c build/usbd_conf.o
 .debug_abbrev  0x00000000000013e4      0x31a build/stm32f0xx_ll_usb.o
 .debug_abbrev  0x00000000000016fe      0x2e9 build/stm32f0xx_hal_pcd.o
 .debug_abbrev  0x00000000000019e7      0x288 build/stm32f0xx_hal_pcd_ex.o
 .debug_abbrev  0x0000000000001c6f      0x2a4 build/stm32f0xx_hal_rcc.o
 .debug_abbrev  0x0000000000001f13      0x1ea build/stm32f0xx_hal_rcc_ex.o
 .debug_abbrev  0x00000000000020fd      0x26b build/stm32f0xx_hal.o
 .debug_abbrev  0x0000000000002368      0x24f build/stm32f0xx_hal_gpio.o
 .debug_abbrev  0x00000000000025b7      0x25d build/stm32f0xx_hal_dma.o
 .debug_abbrev  0x0000000000002814      0x2d1 build/stm32f0xx_hal_cortex.o
 .debug_abbrev  0x0000000000002ae5      0x293 build/stm32f0xx_hal_adc.o
 .debug_abbrev  0x0000000000002d78      0x16d build/stm32f0xx_hal_adc_ex.o
 .debug_abbrev  0x0000000000002ee5      0x2d4 build/stm32f0xx_hal_tim.o
 .debug_abbrev  0x00000000000031b9      0x2bc build/stm32f0xx_hal_tim_ex.o
 .debug_abbrev  0x0000000000003475      0x2b4 build/stm32f0xx_hal_uart.o
 .debug_abbrev  0x0000000000003729      0x14a build/system_stm32f0xx.o
 .debug_abbrev  0x0000000000003873      0x334 build/usbd_core.o
 .debug_abbrev  0x0000000000003ba7      0x387 build/usbd_ctlreq.o
 .debug_abbrev  0x0000000000003f2e      0x229 build/usbd_ioreq.o
 .debug_abbrev  0x0000000000004157      0x39a build/usbd_cdc.o
 .debug_abbrev  0x00000000000044f1       0x12 build/startup_stm32f070xb.o
 .debug_abbrev  0x0000000000004503      0x17a /usr/lib/gcc/arm-none-eabi/9.2.1/../../../arm-none-eabi/lib/thumb/v6-m/nofp/libc_nano.a(lib_a-impure.o)
 .debug_abbrev  0x000000000000467d       0xcc /usr/lib/gcc/arm-none-eabi/9.2.1/../../../arm-none-eabi/lib/thumb/v6-m/nofp/libc_nano.a(lib_a-init.o)
 .debug_abbrev  0x0000000000004749      0x1d9 /usr/lib/gcc/arm-none-eabi/9.2.1/../../../arm-none-eabi/lib/thumb/v6-m/nofp/libc_nano.a(lib_a-memset.o)
 .debug_abbrev  0x0000000000004922      0x274 /usr/lib/gcc/arm-none-eabi/9.2.1/../../../arm-none-eabi/lib/thumb/v6-m/nofp/libc_nano.a(lib_a-sprintf.o)
 .debug_abbrev  0x0000000000004b96      0x33f /usr/lib/gcc/arm-none-eabi/9.2.1/../../../arm-none-eabi/lib/thumb/v6-m/nofp/libc_nano.a(lib_a-nano-svfprintf.o)
 .debug_abbrev  0x0000000000004ed5      0x30b /usr/lib/gcc/arm-none-eabi/9.2.1/../../../arm-none-eabi/lib/thumb/v6-m/nofp/libc_nano.a(lib_a-nano-vfprintf_i.o)
 .debug_abbrev  0x00000000000051e0      0x1d7 /usr/lib/gcc/arm-none-eabi/9.2.1/../../../arm-none-eabi/lib/thumb/v6-m/nofp/libc_nano.a(lib_a-memchr-stub.o)
 .debug_abbrev  0x00000000000053b7      0x1e5 /usr/lib/gcc/arm-none-eabi/9.2.1/../../../arm-none-eabi/lib/thumb/v6-m/nofp/libc_nano.a(lib_a-memcpy-stub.o)
 .debug_abbrev  0x000000000000559c      0x1de /usr/lib/gcc/arm-none-eabi/9.2.1/../../../arm-none-eabi/lib/thumb/v6-m/nofp/libc_nano.a(lib_a-memmove.o)
 .debug_abbrev  0x000000000000577a      0x273 /usr/lib/gcc/arm-none-eabi/9.2.1/../../../arm-none-eabi/lib/thumb/v6-m/nofp/libc_nano.a(lib_a-nano-freer.o)
 .debug_abbrev  0x00000000000059ed      0x2d8 /usr/lib/gcc/arm-none-eabi/9.2.1/../../../arm-none-eabi/lib/thumb/v6-m/nofp/libc_nano.a(lib_a-nano-mallocr.o)
 .debug_abbrev  0x0000000000005cc5      0x227 /usr/lib/gcc/arm-none-eabi/9.2.1/../../../arm-none-eabi/lib/thumb/v6-m/nofp/libc_nano.a(lib_a-nano-reallocr.o)
 .debug_abbrev  0x0000000000005eec      0x212 /usr/lib/gcc/arm-none-eabi/9.2.1/../../../arm-none-eabi/lib/thumb/v6-m/nofp/libc_nano.a(lib_a-sbrkr.o)
 .debug_abbrev  0x00000000000060fe      0x1c5 /usr/lib/gcc/arm-none-eabi/9.2.1/../../../arm-none-eabi/lib/thumb/v6-m/nofp/libc_nano.a(lib_a-mlock.o)
 .debug_abbrev  0x00000000000062c3      0x1e5 /usr/lib/gcc/arm-none-eabi/9.2.1/../../../arm-none-eabi/lib/thumb/v6-m/nofp/libc_nano.a(lib_a-nano-msizer.o)
 .debug_abbrev  0x00000000000064a8      0x25a /usr/lib/gcc/arm-none-eabi/9.2.1/../../../arm-none-eabi/lib/thumb/v6-m/nofp/libc_nano.a(lib_a-reent.o)
 .debug_abbrev  0x0000000000006702       0xa2 /usr/lib/gcc/arm-none-eabi/9.2.1/../../../arm-none-eabi/lib/thumb/v6-m/nofp/libnosys.a(sbrk.o)
 .debug_abbrev  0x00000000000067a4       0x14 /usr/lib/gcc/arm-none-eabi/9.2.1/thumb/v6-m/nofp/libgcc.a(_udivsi3.o)
 .debug_abbrev  0x00000000000067b8       0x14 /usr/lib/gcc/arm-none-eabi/9.2.1/thumb/v6-m/nofp/libgcc.a(_dvmd_tls.o)

.debug_loc      0x0000000000000000    0x17cce
 .debug_loc     0x0000000000000000      0x2b7 build/main.o
 .debug_loc     0x00000000000002b7       0xa0 build/stm32f0xx_it.o
 .debug_loc     0x0000000000000357      0x294 build/stm32f0xx_hal_msp.o
 .debug_loc     0x00000000000005eb       0x20 build/usb_device.o
 .debug_loc     0x000000000000060b      0x45d build/usbd_desc.o
 .debug_loc     0x0000000000000a68      0x3df build/usbd_cdc_if.o
 .debug_loc     0x0000000000000e47      0xfa7 build/usbd_conf.o
 .debug_loc     0x0000000000001dee     0x1a54 build/stm32f0xx_ll_usb.o
 .debug_loc     0x0000000000003842     0x14a6 build/stm32f0xx_hal_pcd.o
 .debug_loc     0x0000000000004ce8      0x2c8 build/stm32f0xx_hal_pcd_ex.o
 .debug_loc     0x0000000000004fb0      0x72b build/stm32f0xx_hal_rcc.o
 .debug_loc     0x00000000000056db      0x58f build/stm32f0xx_hal_rcc_ex.o
 .debug_loc     0x0000000000005c6a      0x1e1 build/stm32f0xx_hal.o
 .debug_loc     0x0000000000005e4b      0x41f build/stm32f0xx_hal_gpio.o
 .debug_loc     0x000000000000626a      0xa87 build/stm32f0xx_hal_dma.o
 .debug_loc     0x0000000000006cf1      0x473 build/stm32f0xx_hal_cortex.o
 .debug_loc     0x0000000000007164     0x10d7 build/stm32f0xx_hal_adc.o
 .debug_loc     0x000000000000823b      0x150 build/stm32f0xx_hal_adc_ex.o
 .debug_loc     0x000000000000838b     0x593c build/stm32f0xx_hal_tim.o
 .debug_loc     0x000000000000dcc7     0x238f build/stm32f0xx_hal_tim_ex.o
 .debug_loc     0x0000000000010056     0x23cb build/stm32f0xx_hal_uart.o
 .debug_loc     0x0000000000012421      0x16a build/system_stm32f0xx.o
 .debug_loc     0x000000000001258b      0xa5a build/usbd_core.o
 .debug_loc     0x0000000000012fe5     0x150f build/usbd_ctlreq.o
 .debug_loc     0x00000000000144f4      0x364 build/usbd_ioreq.o
 .debug_loc     0x0000000000014858      0xa2e build/usbd_cdc.o
 .debug_loc     0x0000000000015286       0x98 /usr/lib/gcc/arm-none-eabi/9.2.1/../../../arm-none-eabi/lib/thumb/v6-m/nofp/libc_nano.a(lib_a-init.o)
 .debug_loc     0x000000000001531e      0x2df /usr/lib/gcc/arm-none-eabi/9.2.1/../../../arm-none-eabi/lib/thumb/v6-m/nofp/libc_nano.a(lib_a-memset.o)
 .debug_loc     0x00000000000155fd       0xd3 /usr/lib/gcc/arm-none-eabi/9.2.1/../../../arm-none-eabi/lib/thumb/v6-m/nofp/libc_nano.a(lib_a-sprintf.o)
 .debug_loc     0x00000000000156d0      0x9e4 /usr/lib/gcc/arm-none-eabi/9.2.1/../../../arm-none-eabi/lib/thumb/v6-m/nofp/libc_nano.a(lib_a-nano-svfprintf.o)
 .debug_loc     0x00000000000160b4      0x849 /usr/lib/gcc/arm-none-eabi/9.2.1/../../../arm-none-eabi/lib/thumb/v6-m/nofp/libc_nano.a(lib_a-nano-vfprintf_i.o)
 .debug_loc     0x00000000000168fd      0x1b3 /usr/lib/gcc/arm-none-eabi/9.2.1/../../../arm-none-eabi/lib/thumb/v6-m/nofp/libc_nano.a(lib_a-memchr-stub.o)
 .debug_loc     0x0000000000016ab0      0x481 /usr/lib/gcc/arm-none-eabi/9.2.1/../../../arm-none-eabi/lib/thumb/v6-m/nofp/libc_nano.a(lib_a-memcpy-stub.o)
 .debug_loc     0x0000000000016f31      0x508 /usr/lib/gcc/arm-none-eabi/9.2.1/../../../arm-none-eabi/lib/thumb/v6-m/nofp/libc_nano.a(lib_a-memmove.o)
 .debug_loc     0x0000000000017439      0x1ca /usr/lib/gcc/arm-none-eabi/9.2.1/../../../arm-none-eabi/lib/thumb/v6-m/nofp/libc_nano.a(lib_a-nano-freer.o)
 .debug_loc     0x0000000000017603      0x2cc /usr/lib/gcc/arm-none-eabi/9.2.1/../../../arm-none-eabi/lib/thumb/v6-m/nofp/libc_nano.a(lib_a-nano-mallocr.o)
 .debug_loc     0x00000000000178cf      0x17b /usr/lib/gcc/arm-none-eabi/9.2.1/../../../arm-none-eabi/lib/thumb/v6-m/nofp/libc_nano.a(lib_a-nano-reallocr.o)
 .debug_loc     0x0000000000017a4a       0x79 /usr/lib/gcc/arm-none-eabi/9.2.1/../../../arm-none-eabi/lib/thumb/v6-m/nofp/libc_nano.a(lib_a-sbrkr.o)
 .debug_loc     0x0000000000017ac3       0xcc /usr/lib/gcc/arm-none-eabi/9.2.1/../../../arm-none-eabi/lib/thumb/v6-m/nofp/libc_nano.a(lib_a-nano-msizer.o)
 .debug_loc     0x0000000000017b8f       0xf4 /usr/lib/gcc/arm-none-eabi/9.2.1/../../../arm-none-eabi/lib/thumb/v6-m/nofp/libc_nano.a(lib_a-reent.o)
 .debug_loc     0x0000000000017c83       0x4b /usr/lib/gcc/arm-none-eabi/9.2.1/../../../arm-none-eabi/lib/thumb/v6-m/nofp/libnosys.a(sbrk.o)

.debug_aranges  0x0000000000000000     0x1540
 .debug_aranges
                0x0000000000000000       0x68 build/main.o
 .debug_aranges
                0x0000000000000068       0x60 build/stm32f0xx_it.o
 .debug_aranges
                0x00000000000000c8       0x58 build/stm32f0xx_hal_msp.o
 .debug_aranges
                0x0000000000000120       0x20 build/usb_device.o
 .debug_aranges
                0x0000000000000140       0x60 build/usbd_desc.o
 .debug_aranges
                0x00000000000001a0       0x48 build/usbd_cdc_if.o
 .debug_aranges
                0x00000000000001e8      0x118 build/usbd_conf.o
 .debug_aranges
                0x0000000000000300       0xb0 build/stm32f0xx_ll_usb.o
 .debug_aranges
                0x00000000000003b0      0x130 build/stm32f0xx_hal_pcd.o
 .debug_aranges
                0x00000000000004e0       0x58 build/stm32f0xx_hal_pcd_ex.o
 .debug_aranges
                0x0000000000000538       0x80 build/stm32f0xx_hal_rcc.o
 .debug_aranges
                0x00000000000005b8       0x30 build/stm32f0xx_hal_rcc_ex.o
 .debug_aranges
                0x00000000000005e8       0xd0 build/stm32f0xx_hal.o
 .debug_aranges
                0x00000000000006b8       0x58 build/stm32f0xx_hal_gpio.o
 .debug_aranges
                0x0000000000000710       0x88 build/stm32f0xx_hal_dma.o
 .debug_aranges
                0x0000000000000798       0x78 build/stm32f0xx_hal_cortex.o
 .debug_aranges
                0x0000000000000810       0xf8 build/stm32f0xx_hal_adc.o
 .debug_aranges
                0x0000000000000908       0x20 build/stm32f0xx_hal_adc_ex.o
 .debug_aranges
                0x0000000000000928      0x3d0 build/stm32f0xx_hal_tim.o
 .debug_aranges
                0x0000000000000cf8      0x168 build/stm32f0xx_hal_tim_ex.o
 .debug_aranges
                0x0000000000000e60      0x218 build/stm32f0xx_hal_uart.o
 .debug_aranges
                0x0000000000001078       0x28 build/system_stm32f0xx.o
 .debug_aranges
                0x00000000000010a0       0xb8 build/usbd_core.o
 .debug_aranges
                0x0000000000001158       0x88 build/usbd_ctlreq.o
 .debug_aranges
                0x00000000000011e0       0x50 build/usbd_ioreq.o
 .debug_aranges
                0x0000000000001230       0x90 build/usbd_cdc.o
 .debug_aranges
                0x00000000000012c0       0x28 build/startup_stm32f070xb.o
 .debug_aranges
                0x00000000000012e8       0x18 /usr/lib/gcc/arm-none-eabi/9.2.1/../../../arm-none-eabi/lib/thumb/v6-m/nofp/libc_nano.a(lib_a-impure.o)
 .debug_aranges
                0x0000000000001300       0x20 /usr/lib/gcc/arm-none-eabi/9.2.1/../../../arm-none-eabi/lib/thumb/v6-m/nofp/libc_nano.a(lib_a-init.o)
 .debug_aranges
                0x0000000000001320       0x20 /usr/lib/gcc/arm-none-eabi/9.2.1/../../../arm-none-eabi/lib/thumb/v6-m/nofp/libc_nano.a(lib_a-memset.o)
 .debug_aranges
                0x0000000000001340       0x20 /usr/lib/gcc/arm-none-eabi/9.2.1/../../../arm-none-eabi/lib/thumb/v6-m/nofp/libc_nano.a(lib_a-sprintf.o)
 .debug_aranges
                0x0000000000001360       0x20 /usr/lib/gcc/arm-none-eabi/9.2.1/../../../arm-none-eabi/lib/thumb/v6-m/nofp/libc_nano.a(lib_a-nano-svfprintf.o)
 .debug_aranges
                0x0000000000001380       0x20 /usr/lib/gcc/arm-none-eabi/9.2.1/../../../arm-none-eabi/lib/thumb/v6-m/nofp/libc_nano.a(lib_a-nano-vfprintf_i.o)
 .debug_aranges
                0x00000000000013a0       0x20 /usr/lib/gcc/arm-none-eabi/9.2.1/../../../arm-none-eabi/lib/thumb/v6-m/nofp/libc_nano.a(lib_a-memchr-stub.o)
 .debug_aranges
                0x00000000000013c0       0x20 /usr/lib/gcc/arm-none-eabi/9.2.1/../../../arm-none-eabi/lib/thumb/v6-m/nofp/libc_nano.a(lib_a-memcpy-stub.o)
 .debug_aranges
                0x00000000000013e0       0x20 /usr/lib/gcc/arm-none-eabi/9.2.1/../../../arm-none-eabi/lib/thumb/v6-m/nofp/libc_nano.a(lib_a-memmove.o)
 .debug_aranges
                0x0000000000001400       0x20 /usr/lib/gcc/arm-none-eabi/9.2.1/../../../arm-none-eabi/lib/thumb/v6-m/nofp/libc_nano.a(lib_a-nano-freer.o)
 .debug_aranges
                0x0000000000001420       0x20 /usr/lib/gcc/arm-none-eabi/9.2.1/../../../arm-none-eabi/lib/thumb/v6-m/nofp/libc_nano.a(lib_a-nano-mallocr.o)
 .debug_aranges
                0x0000000000001440       0x20 /usr/lib/gcc/arm-none-eabi/9.2.1/../../../arm-none-eabi/lib/thumb/v6-m/nofp/libc_nano.a(lib_a-nano-reallocr.o)
 .debug_aranges
                0x0000000000001460       0x20 /usr/lib/gcc/arm-none-eabi/9.2.1/../../../arm-none-eabi/lib/thumb/v6-m/nofp/libc_nano.a(lib_a-sbrkr.o)
 .debug_aranges
                0x0000000000001480       0x20 /usr/lib/gcc/arm-none-eabi/9.2.1/../../../arm-none-eabi/lib/thumb/v6-m/nofp/libc_nano.a(lib_a-mlock.o)
 .debug_aranges
                0x00000000000014a0       0x20 /usr/lib/gcc/arm-none-eabi/9.2.1/../../../arm-none-eabi/lib/thumb/v6-m/nofp/libc_nano.a(lib_a-nano-msizer.o)
 .debug_aranges
                0x00000000000014c0       0x20 /usr/lib/gcc/arm-none-eabi/9.2.1/../../../arm-none-eabi/lib/thumb/v6-m/nofp/libc_nano.a(lib_a-reent.o)
 .debug_aranges
                0x00000000000014e0       0x20 /usr/lib/gcc/arm-none-eabi/9.2.1/../../../arm-none-eabi/lib/thumb/v6-m/nofp/libnosys.a(sbrk.o)
 .debug_aranges
                0x0000000000001500       0x20 /usr/lib/gcc/arm-none-eabi/9.2.1/thumb/v6-m/nofp/libgcc.a(_udivsi3.o)
 .debug_aranges
                0x0000000000001520       0x20 /usr/lib/gcc/arm-none-eabi/9.2.1/thumb/v6-m/nofp/libgcc.a(_dvmd_tls.o)

.debug_ranges   0x0000000000000000     0x1628
 .debug_ranges  0x0000000000000000       0x70 build/main.o
 .debug_ranges  0x0000000000000070       0x50 build/stm32f0xx_it.o
 .debug_ranges  0x00000000000000c0       0x48 build/stm32f0xx_hal_msp.o
 .debug_ranges  0x0000000000000108       0x10 build/usb_device.o
 .debug_ranges  0x0000000000000118       0x50 build/usbd_desc.o
 .debug_ranges  0x0000000000000168       0x38 build/usbd_cdc_if.o
 .debug_ranges  0x00000000000001a0      0x108 build/usbd_conf.o
 .debug_ranges  0x00000000000002a8      0x2d8 build/stm32f0xx_ll_usb.o
 .debug_ranges  0x0000000000000580      0x1d0 build/stm32f0xx_hal_pcd.o
 .debug_ranges  0x0000000000000750       0x48 build/stm32f0xx_hal_pcd_ex.o
 .debug_ranges  0x0000000000000798       0x88 build/stm32f0xx_hal_rcc.o
 .debug_ranges  0x0000000000000820       0x38 build/stm32f0xx_hal_rcc_ex.o
 .debug_ranges  0x0000000000000858       0xc0 build/stm32f0xx_hal.o
 .debug_ranges  0x0000000000000918       0x48 build/stm32f0xx_hal_gpio.o
 .debug_ranges  0x0000000000000960       0x78 build/stm32f0xx_hal_dma.o
 .debug_ranges  0x00000000000009d8       0xc8 build/stm32f0xx_hal_cortex.o
 .debug_ranges  0x0000000000000aa0       0xe8 build/stm32f0xx_hal_adc.o
 .debug_ranges  0x0000000000000b88       0x10 build/stm32f0xx_hal_adc_ex.o
 .debug_ranges  0x0000000000000b98      0x3c0 build/stm32f0xx_hal_tim.o
 .debug_ranges  0x0000000000000f58      0x158 build/stm32f0xx_hal_tim_ex.o
 .debug_ranges  0x00000000000010b0      0x208 build/stm32f0xx_hal_uart.o
 .debug_ranges  0x00000000000012b8       0x18 build/system_stm32f0xx.o
 .debug_ranges  0x00000000000012d0       0xa8 build/usbd_core.o
 .debug_ranges  0x0000000000001378       0x78 build/usbd_ctlreq.o
 .debug_ranges  0x00000000000013f0       0x40 build/usbd_ioreq.o
 .debug_ranges  0x0000000000001430       0x80 build/usbd_cdc.o
 .debug_ranges  0x00000000000014b0       0x20 build/startup_stm32f070xb.o
 .debug_ranges  0x00000000000014d0       0x48 /usr/lib/gcc/arm-none-eabi/9.2.1/../../../arm-none-eabi/lib/thumb/v6-m/nofp/libc_nano.a(lib_a-nano-svfprintf.o)
 .debug_ranges  0x0000000000001518       0xc0 /usr/lib/gcc/arm-none-eabi/9.2.1/../../../arm-none-eabi/lib/thumb/v6-m/nofp/libc_nano.a(lib_a-nano-vfprintf_i.o)
 .debug_ranges  0x00000000000015d8       0x18 /usr/lib/gcc/arm-none-eabi/9.2.1/../../../arm-none-eabi/lib/thumb/v6-m/nofp/libc_nano.a(lib_a-nano-freer.o)
 .debug_ranges  0x00000000000015f0       0x38 /usr/lib/gcc/arm-none-eabi/9.2.1/../../../arm-none-eabi/lib/thumb/v6-m/nofp/libc_nano.a(lib_a-nano-mallocr.o)

.debug_line     0x0000000000000000    0x15dd7
 .debug_line    0x0000000000000000      0x8e8 build/main.o
 .debug_line    0x00000000000008e8      0x26b build/stm32f0xx_it.o
 .debug_line    0x0000000000000b53      0x3f1 build/stm32f0xx_hal_msp.o
 .debug_line    0x0000000000000f44      0x25c build/usb_device.o
 .debug_line    0x00000000000011a0      0x3e2 build/usbd_desc.o
 .debug_line    0x0000000000001582      0x414 build/usbd_cdc_if.o
 .debug_line    0x0000000000001996      0x85e build/usbd_conf.o
 .debug_line    0x00000000000021f4     0x17d2 build/stm32f0xx_ll_usb.o
 .debug_line    0x00000000000039c6     0x1533 build/stm32f0xx_hal_pcd.o
 .debug_line    0x0000000000004ef9      0x3a8 build/stm32f0xx_hal_pcd_ex.o
 .debug_line    0x00000000000052a1      0xacf build/stm32f0xx_hal_rcc.o
 .debug_line    0x0000000000005d70      0x4b1 build/stm32f0xx_hal_rcc_ex.o
 .debug_line    0x0000000000006221      0x46a build/stm32f0xx_hal.o
 .debug_line    0x000000000000668b      0x5e7 build/stm32f0xx_hal_gpio.o
 .debug_line    0x0000000000006c72      0x96d build/stm32f0xx_hal_dma.o
 .debug_line    0x00000000000075df      0x4c0 build/stm32f0xx_hal_cortex.o
 .debug_line    0x0000000000007a9f      0xf3d build/stm32f0xx_hal_adc.o
 .debug_line    0x00000000000089dc      0x218 build/stm32f0xx_hal_adc_ex.o
 .debug_line    0x0000000000008bf4     0x479b build/stm32f0xx_hal_tim.o
 .debug_line    0x000000000000d38f     0x1b7e build/stm32f0xx_hal_tim_ex.o
 .debug_line    0x000000000000ef0d     0x2195 build/stm32f0xx_hal_uart.o
 .debug_line    0x00000000000110a2      0x1c2 build/system_stm32f0xx.o
 .debug_line    0x0000000000011264      0x796 build/usbd_core.o
 .debug_line    0x00000000000119fa      0xb7d build/usbd_ctlreq.o
 .debug_line    0x0000000000012577      0x308 build/usbd_ioreq.o
 .debug_line    0x000000000001287f      0x7d8 build/usbd_cdc.o
 .debug_line    0x0000000000013057       0x77 build/startup_stm32f070xb.o
 .debug_line    0x00000000000130ce       0xe3 /usr/lib/gcc/arm-none-eabi/9.2.1/../../../arm-none-eabi/lib/thumb/v6-m/nofp/libc_nano.a(lib_a-impure.o)
 .debug_line    0x00000000000131b1       0xfc /usr/lib/gcc/arm-none-eabi/9.2.1/../../../arm-none-eabi/lib/thumb/v6-m/nofp/libc_nano.a(lib_a-init.o)
 .debug_line    0x00000000000132ad      0x281 /usr/lib/gcc/arm-none-eabi/9.2.1/../../../arm-none-eabi/lib/thumb/v6-m/nofp/libc_nano.a(lib_a-memset.o)
 .debug_line    0x000000000001352e      0x225 /usr/lib/gcc/arm-none-eabi/9.2.1/../../../arm-none-eabi/lib/thumb/v6-m/nofp/libc_nano.a(lib_a-sprintf.o)
 .debug_line    0x0000000000013753      0x8cc /usr/lib/gcc/arm-none-eabi/9.2.1/../../../arm-none-eabi/lib/thumb/v6-m/nofp/libc_nano.a(lib_a-nano-svfprintf.o)
 .debug_line    0x000000000001401f      0x7a6 /usr/lib/gcc/arm-none-eabi/9.2.1/../../../arm-none-eabi/lib/thumb/v6-m/nofp/libc_nano.a(lib_a-nano-vfprintf_i.o)
 .debug_line    0x00000000000147c5      0x212 /usr/lib/gcc/arm-none-eabi/9.2.1/../../../arm-none-eabi/lib/thumb/v6-m/nofp/libc_nano.a(lib_a-memchr-stub.o)
 .debug_line    0x00000000000149d7      0x24d /usr/lib/gcc/arm-none-eabi/9.2.1/../../../arm-none-eabi/lib/thumb/v6-m/nofp/libc_nano.a(lib_a-memcpy-stub.o)
 .debug_line    0x0000000000014c24      0x28a /usr/lib/gcc/arm-none-eabi/9.2.1/../../../arm-none-eabi/lib/thumb/v6-m/nofp/libc_nano.a(lib_a-memmove.o)
 .debug_line    0x0000000000014eae      0x2ab /usr/lib/gcc/arm-none-eabi/9.2.1/../../../arm-none-eabi/lib/thumb/v6-m/nofp/libc_nano.a(lib_a-nano-freer.o)
 .debug_line    0x0000000000015159      0x2f2 /usr/lib/gcc/arm-none-eabi/9.2.1/../../../arm-none-eabi/lib/thumb/v6-m/nofp/libc_nano.a(lib_a-nano-mallocr.o)
 .debug_line    0x000000000001544b      0x1b5 /usr/lib/gcc/arm-none-eabi/9.2.1/../../../arm-none-eabi/lib/thumb/v6-m/nofp/libc_nano.a(lib_a-nano-reallocr.o)
 .debug_line    0x0000000000015600      0x185 /usr/lib/gcc/arm-none-eabi/9.2.1/../../../arm-none-eabi/lib/thumb/v6-m/nofp/libc_nano.a(lib_a-sbrkr.o)
 .debug_line    0x0000000000015785      0x13d /usr/lib/gcc/arm-none-eabi/9.2.1/../../../arm-none-eabi/lib/thumb/v6-m/nofp/libc_nano.a(lib_a-mlock.o)
 .debug_line    0x00000000000158c2      0x168 /usr/lib/gcc/arm-none-eabi/9.2.1/../../../arm-none-eabi/lib/thumb/v6-m/nofp/libc_nano.a(lib_a-nano-msizer.o)
 .debug_line    0x0000000000015a2a      0x264 /usr/lib/gcc/arm-none-eabi/9.2.1/../../../arm-none-eabi/lib/thumb/v6-m/nofp/libc_nano.a(lib_a-reent.o)
 .debug_line    0x0000000000015c8e       0x7d /usr/lib/gcc/arm-none-eabi/9.2.1/../../../arm-none-eabi/lib/thumb/v6-m/nofp/libnosys.a(sbrk.o)
 .debug_line    0x0000000000015d0b       0x6c /usr/lib/gcc/arm-none-eabi/9.2.1/thumb/v6-m/nofp/libgcc.a(_udivsi3.o)
 .debug_line    0x0000000000015d77       0x60 /usr/lib/gcc/arm-none-eabi/9.2.1/thumb/v6-m/nofp/libgcc.a(_dvmd_tls.o)

.debug_str      0x0000000000000000     0x6604
 .debug_str     0x0000000000000000     0x1616 build/main.o
                                       0x17af (size before relaxing)
 .debug_str     0x0000000000001616      0x40a build/stm32f0xx_it.o
                                        0xa54 (size before relaxing)
 .debug_str     0x0000000000001a20       0xd4 build/stm32f0xx_hal_msp.o
                                        0xe10 (size before relaxing)
 .debug_str     0x0000000000001af4      0x3dd build/usb_device.o
                                        0xacc (size before relaxing)
 .debug_str     0x0000000000001ed1      0x1a1 build/usbd_desc.o
                                        0x8e4 (size before relaxing)
 .debug_str     0x0000000000002072      0x11f build/usbd_cdc_if.o
                                        0xbcf (size before relaxing)
 .debug_str     0x0000000000002191      0x514 build/usbd_conf.o
                                       0x1511 (size before relaxing)
 .debug_str     0x00000000000026a5      0x24a build/stm32f0xx_ll_usb.o
                                        0x6dd (size before relaxing)
 .debug_str     0x00000000000028ef      0x155 build/stm32f0xx_hal_pcd.o
                                        0xb30 (size before relaxing)
 .debug_str     0x0000000000002a44      0x193 build/stm32f0xx_hal_pcd_ex.o
                                        0x80c (size before relaxing)
 .debug_str     0x0000000000002bd7      0x202 build/stm32f0xx_hal_rcc.o
                                        0x69b (size before relaxing)
 .debug_str     0x0000000000002dd9       0xb3 build/stm32f0xx_hal_rcc_ex.o
                                        0x47e (size before relaxing)
 .debug_str     0x0000000000002e8c      0x1db build/stm32f0xx_hal.o
                                        0x6cf (size before relaxing)
 .debug_str     0x0000000000003067       0xcf build/stm32f0xx_hal_gpio.o
                                        0x49c (size before relaxing)
 .debug_str     0x0000000000003136      0x24f build/stm32f0xx_hal_dma.o
                                        0x6bc (size before relaxing)
 .debug_str     0x0000000000003385      0x20f build/stm32f0xx_hal_cortex.o
                                        0x6af (size before relaxing)
 .debug_str     0x0000000000003594      0x28e build/stm32f0xx_hal_adc.o
                                        0x977 (size before relaxing)
 .debug_str     0x0000000000003822       0x58 build/stm32f0xx_hal_adc_ex.o
                                        0x66c (size before relaxing)
 .debug_str     0x000000000000387a      0xd2b build/stm32f0xx_hal_tim.o
                                       0x16d4 (size before relaxing)
 .debug_str     0x00000000000045a5      0x54a build/stm32f0xx_hal_tim_ex.o
                                        0xefe (size before relaxing)
 .debug_str     0x0000000000004aef      0x6fb build/stm32f0xx_hal_uart.o
                                        0xebf (size before relaxing)
 .debug_str     0x00000000000051ea       0x3d build/system_stm32f0xx.o
                                        0x2d8 (size before relaxing)
 .debug_str     0x0000000000005227      0x145 build/usbd_core.o
                                        0xcc4 (size before relaxing)
 .debug_str     0x000000000000536c       0xe2 build/usbd_ctlreq.o
                                        0xbde (size before relaxing)
 .debug_str     0x000000000000544e       0x60 build/usbd_ioreq.o
                                        0xb0b (size before relaxing)
 .debug_str     0x00000000000054ae      0x18f build/usbd_cdc.o
                                       0x10dc (size before relaxing)
 .debug_str     0x000000000000563d       0x22 build/startup_stm32f070xb.o
                                         0x4b (size before relaxing)
 .debug_str     0x000000000000565f      0x1a3 /usr/lib/gcc/arm-none-eabi/9.2.1/../../../arm-none-eabi/lib/thumb/v6-m/nofp/libc_nano.a(lib_a-impure.o)
                                        0x5db (size before relaxing)
 .debug_str     0x0000000000005802       0xf2 /usr/lib/gcc/arm-none-eabi/9.2.1/../../../arm-none-eabi/lib/thumb/v6-m/nofp/libc_nano.a(lib_a-init.o)
                                        0x222 (size before relaxing)
 .debug_str     0x00000000000058f4      0x30a /usr/lib/gcc/arm-none-eabi/9.2.1/../../../arm-none-eabi/lib/thumb/v6-m/nofp/libc_nano.a(lib_a-memset.o)
                                        0x908 (size before relaxing)
 .debug_str     0x0000000000005bfe      0x1e7 /usr/lib/gcc/arm-none-eabi/9.2.1/../../../arm-none-eabi/lib/thumb/v6-m/nofp/libc_nano.a(lib_a-sprintf.o)
                                        0x756 (size before relaxing)
 .debug_str     0x0000000000005de5      0x1c0 /usr/lib/gcc/arm-none-eabi/9.2.1/../../../arm-none-eabi/lib/thumb/v6-m/nofp/libc_nano.a(lib_a-nano-svfprintf.o)
                                        0xc0e (size before relaxing)
 .debug_str     0x0000000000005fa5       0x8e /usr/lib/gcc/arm-none-eabi/9.2.1/../../../arm-none-eabi/lib/thumb/v6-m/nofp/libc_nano.a(lib_a-nano-vfprintf_i.o)
                                        0xba5 (size before relaxing)
 .debug_str     0x0000000000006033       0xb2 /usr/lib/gcc/arm-none-eabi/9.2.1/../../../arm-none-eabi/lib/thumb/v6-m/nofp/libc_nano.a(lib_a-memchr-stub.o)
                                        0x60b (size before relaxing)
 .debug_str     0x00000000000060e5       0x68 /usr/lib/gcc/arm-none-eabi/9.2.1/../../../arm-none-eabi/lib/thumb/v6-m/nofp/libc_nano.a(lib_a-memcpy-stub.o)
                                        0x92d (size before relaxing)
 .debug_str     0x000000000000614d       0x3e /usr/lib/gcc/arm-none-eabi/9.2.1/../../../arm-none-eabi/lib/thumb/v6-m/nofp/libc_nano.a(lib_a-memmove.o)
                                        0x927 (size before relaxing)
 .debug_str     0x000000000000618b      0x17e /usr/lib/gcc/arm-none-eabi/9.2.1/../../../arm-none-eabi/lib/thumb/v6-m/nofp/libc_nano.a(lib_a-nano-freer.o)
                                        0x70b (size before relaxing)
 .debug_str     0x0000000000006309       0x32 /usr/lib/gcc/arm-none-eabi/9.2.1/../../../arm-none-eabi/lib/thumb/v6-m/nofp/libc_nano.a(lib_a-nano-mallocr.o)
                                        0x722 (size before relaxing)